Component: ARM Compiler 5.06 update 6 (build 750) Tool: armlink [4d35ed]

==============================================================================

Section Cross References

    main.o(.text) refers to multi_thread.o(.text) for thread_init()
    main.o(.ARM.exidx) refers to main.o(.text) for .text
    stm32f4xx_it.o(.ARM.exidx) refers to stm32f4xx_it.o(.text) for .text
    startup_stm32f40_41xxx.o(RESET) refers to startup_stm32f40_41xxx.o(STACK) for __initial_sp
    startup_stm32f40_41xxx.o(RESET) refers to startup_stm32f40_41xxx.o(.text) for Reset_Handler
    startup_stm32f40_41xxx.o(RESET) refers to stm32f4xx_it.o(.text) for NMI_Handler
    startup_stm32f40_41xxx.o(RESET) refers to os_cpu_a.o(.text) for PendSV_Handler
    startup_stm32f40_41xxx.o(RESET) refers to common.o(.text) for SysTick_Handler
    startup_stm32f40_41xxx.o(RESET) refers to can1.o(.text) for CAN1_RX0_IRQHandler
    startup_stm32f40_41xxx.o(RESET) refers to timer.o(.text) for TIM2_IRQHandler
    startup_stm32f40_41xxx.o(RESET) refers to can2.o(.text) for CAN2_RX0_IRQHandler
    startup_stm32f40_41xxx.o(.text) refers to system_stm32f4xx.o(.text) for SystemInit
    startup_stm32f40_41xxx.o(.text) refers to entry.o(.ARM.Collect$$$$00000000) for __main
    system_stm32f4xx.o(.text) refers to system_stm32f4xx.o(.data) for SystemCoreClock
    system_stm32f4xx.o(.ARM.exidx) refers to system_stm32f4xx.o(.text) for .text
    multi_thread.o(.text) refers to common.o(.text) for System_Init()
    multi_thread.o(.text) refers to led.o(.text) for LED_Init()
    multi_thread.o(.text) refers to key.o(.text) for KEY_Init()
    multi_thread.o(.text) refers to usart3_user.o(.text) for uart3_init(unsigned)
    multi_thread.o(.text) refers to canopen.o(.text) for CANopen::setup(unsigned char)
    multi_thread.o(.text) refers to agv_can1_msg_receive.o(.text) for AGV_Can1_Msg_Receive_Init()
    multi_thread.o(.text) refers to agv_canbus_hinson_mgs160n.o(.text) for MGS160N_Init()
    multi_thread.o(.text) refers to printfa.o(i.__0printf) for __2printf
    multi_thread.o(.text) refers to agv_can1_msg_receive.o(.data) for canopen
    multi_thread.o(.text) refers to key.o(.data) for keydown_data
    multi_thread.o(.text) refers to agv_canbus_hinson_mgs160n.o(.data) for MGS160N_Centre_Diff_MM
    multi_thread.o(.ARM.exidx) refers to multi_thread.o(.text) for .text
    agv_canbus_hinson_mgs160n.o(.text) refers to canopen.o(.text) for CANopen::sendMsg1(unsigned, unsigned, unsigned char, unsigned char*, unsigned char)
    agv_canbus_hinson_mgs160n.o(.text) refers to agv_canbus_hinson_mgs160n.o(.data) for MGS160N_REQ_CENTRE_Diff_CMD
    agv_canbus_hinson_mgs160n.o(.text) refers to agv_can1_msg_receive.o(.data) for canopen
    agv_canbus_hinson_mgs160n.o(.ARM.exidx) refers to agv_canbus_hinson_mgs160n.o(.text) for .text
    agv_can1_msg_receive.o(.text) refers to agv_canbus_hinson_mgs160n.o(.text) for Dispatch_MGS160N_Data(CanRxMsg)
    agv_can1_msg_receive.o(.text) refers to canopen.o(.text) for CANopen::receiveMsg(CanRxMsg*)
    agv_can1_msg_receive.o(.text) refers to can1.o(.text) for CAN1_INT_Init(unsigned, unsigned char)
    agv_can1_msg_receive.o(.text) refers to stm32f4xx_can.o(.text) for CAN_ITConfig
    agv_can1_msg_receive.o(.text) refers to agv_can1_msg_receive.o(.data) for canopen
    agv_can1_msg_receive.o(.text) refers to can1.o(.data) for CAN1_ReceiveMsgFuncP
    agv_can1_msg_receive.o(.ARM.exidx) refers to agv_can1_msg_receive.o(.text) for .text
    agv_can1_msg_receive.o(.init_array) refers to agv_can1_msg_receive.o(.text) for __sti___22_AGV_Can1_Msg_Receive_c_canopen
    agv_can1_msg_receive.o(.init_array) refers to cpp_init.o(.text) for __cpp_initialize__aeabi_
    usart3_user.o(.text) refers to stm32f4xx_rcc.o(.text) for RCC_AHB1PeriphClockCmd
    usart3_user.o(.text) refers to stm32f4xx_gpio.o(.text) for GPIO_PinAFConfig
    usart3_user.o(.text) refers to stm32f4xx_usart.o(.text) for USART_Init
    usart3_user.o(.text) refers to misc.o(.text) for NVIC_Init
    usart3_user.o(.text) refers to common.o(.text) for delay_ms(unsigned short)
    usart3_user.o(.text) refers to usart3_user.o(.data) for uart3_rec_count
    usart3_user.o(.text) refers to usart3_user.o(.bss) for uart3_rec_cache
    usart3_user.o(.ARM.exidx) refers to usart3_user.o(.text) for .text
    misc.o(.ARM.exidx) refers to misc.o(.text) for .text
    stm32f4xx_gpio.o(.text) refers to stm32f4xx_rcc.o(.text) for RCC_AHB1PeriphResetCmd
    stm32f4xx_gpio.o(.ARM.exidx) refers to stm32f4xx_gpio.o(.text) for .text
    stm32f4xx_rcc.o(.text) refers to stm32f4xx_rcc.o(.data) for APBAHBPrescTable
    stm32f4xx_rcc.o(.ARM.exidx) refers to stm32f4xx_rcc.o(.text) for .text
    stm32f4xx_can.o(.text) refers to stm32f4xx_rcc.o(.text) for RCC_APB1PeriphResetCmd
    stm32f4xx_can.o(.ARM.exidx) refers to stm32f4xx_can.o(.text) for .text
    stm32f4xx_usart.o(.text) refers to stm32f4xx_rcc.o(.text) for RCC_APB2PeriphResetCmd
[...]
    i.__mathlib_dbl_infnan2                  0x08008260   Section        0  dunder.o(i.__mathlib_dbl_infnan2)
    i.__mathlib_dbl_invalid                  0x08008278   Section        0  dunder.o(i.__mathlib_dbl_invalid)
    i.__mathlib_dbl_overflow                 0x08008298   Section        0  dunder.o(i.__mathlib_dbl_overflow)
    i.__mathlib_dbl_underflow                0x080082b8   Section        0  dunder.o(i.__mathlib_dbl_underflow)
    i.__scatterload_copy                     0x080082d8   Section       14  handlers.o(i.__scatterload_copy)
    i.__scatterload_null                     0x080082e6   Section        2  handlers.o(i.__scatterload_null)
    i.__scatterload_zeroinit                 0x080082e8   Section       14  handlers.o(i.__scatterload_zeroinit)
    i.__set_errno                            0x080082f8   Section        0  errno.o(i.__set_errno)
    i._fp_digits                             0x08008304   Section        0  printfa.o(i._fp_digits)
    _fp_digits                               0x08008305   Thumb Code   366  printfa.o(i._fp_digits)
    i._printf_core                           0x08008488   Section        0  printfa.o(i._printf_core)
    _printf_core                             0x08008489   Thumb Code  1744  printfa.o(i._printf_core)
    i._printf_post_padding                   0x08008b64   Section        0  printfa.o(i._printf_post_padding)
    _printf_post_padding                     0x08008b65   Thumb Code    36  printfa.o(i._printf_post_padding)
    i._printf_pre_padding                    0x08008b88   Section        0  printfa.o(i._printf_pre_padding)
    _printf_pre_padding                      0x08008b89   Thumb Code    46  printfa.o(i._printf_pre_padding)
    i._sputc                                 0x08008bb6   Section        0  printfa.o(i._sputc)
    _sputc                                   0x08008bb7   Thumb Code    10  printfa.o(i._sputc)
    i.fabs                                   0x08008bc0   Section        0  fabs.o(i.fabs)
    i.sqrt                                   0x08008bd8   Section        0  sqrt.o(i.sqrt)
    .constdata                               0x08008c46   Section      256  os_core.o(.constdata)
    .constdata                               0x08008d48   Section      136  pow.o(.constdata)
    bp                                       0x08008d48   Data          16  pow.o(.constdata)
    dp_h                                     0x08008d58   Data          16  pow.o(.constdata)
    dp_l                                     0x08008d68   Data          16  pow.o(.constdata)
    L                                        0x08008d78   Data          48  pow.o(.constdata)
    P                                        0x08008da8   Data          40  pow.o(.constdata)
    .constdata                               0x08008dd0   Section        8  qnan.o(.constdata)
    .init_array                              0x08008df8   Section        4  agv_can1_msg_receive.o(.init_array)
    .init_array                              0x08008dfc   Section        0  cpp_init.o(.init_array)
    .data                                    0x20000000   Section       20  system_stm32f4xx.o(.data)
    .data                                    0x20000014   Section        9  agv_canbus_hinson_mgs160n.o(.data)
    .data                                    0x2000001d   Section        1  agv_can1_msg_receive.o(.data)
    .data                                    0x2000001e   Section        1  usart3_user.o(.data)
    .data                                    0x2000001f   Section       16  stm32f4xx_rcc.o(.data)
    APBAHBPrescTable                         0x2000001f   Data          16  stm32f4xx_rcc.o(.data)
    .data                                    0x20000030   Section        4  can1.o(.data)
    .data                                    0x20000034   Section       16  canopen.o(.data)
    Can_msg_buffer                           0x20000034   Data           8  canopen.o(.data)
    Can_receive_buffer                       0x2000003c   Data           8  canopen.o(.data)
    .data                                    0x20000044   Section        6  key.o(.data)
    .data                                    0x2000004c   Section        8  common.o(.data)
    fac_us                                   0x2000004c   Data           1  common.o(.data)
    fac_ms                                   0x2000004e   Data           2  common.o(.data)
    .data                                    0x20000054   Section        4  can2.o(.data)
    .data                                    0x20000058   Section        4  timer.o(.data)
    .data                                    0x2000005c   Section       72  os_core.o(.data)
    .data                                    0x200000a4   Section        4  stdout.o(.data)
    .data                                    0x200000a8   Section        4  errno.o(.data)
    _errno                                   0x200000a8   Data           4  errno.o(.data)
    .bss                                     0x200000ac   Section      100  usart3_user.o(.bss)
    .bss                                     0x20000110   Section       20  canopen.o(.bss)
    RxMessage_Buffer                         0x20000110   Data          20  canopen.o(.bss)
    .bss                                     0x20000124   Section       12  common.o(.bss)
    .bss                                     0x20000130   Section     2688  os_core.o(.bss)
    STACK                                    0x20000bb0   Section     1024  startup_stm32f40_41xxx.o(STACK)

    Global Symbols

    Symbol Name                              Value     Ov Type        Size  Object(Section)

    BuildAttributes$$THM_ISAv4$E$P$D$K$B$S$7EM$VFPi3$EXTD16$VFPS$VFMA$PE$A:L22UL41UL21$X:L11$S22US41US21$IEEE1$IW$USESV6$~STKCKD$USESV7$~SHL$OTIME$ROPI$IEEEX$EBA8$MICROLIB$REQ8$PRES8$EABIv2 0x00000000   Number         0  anon$$obj.o ABSOLUTE
    __ARM_use_no_argv                        0x00000000   Number         0  main.o ABSOLUTE
    _printf_a                                0x00000000   Number         0  stubs.o ABSOLUTE
    _printf_c                                0x00000000   Number         0  stubs.o ABSOLUTE
    _printf_charcount                        0x00000000   Number         0  stubs.o ABSOLUTE
    _printf_d                                0x00000000   Number         0  stubs.o ABSOLUTE
    _printf_e                                0x00000000   Number         0  stubs.o ABSOLUTE
    _printf_f                                0x00000000   Number         0  stubs.o ABSOLUTE
    _printf_flags                            0x00000000   Number         0  stubs.o ABSOLUTE
    _printf_fp_dec                           0x00000000   Number         0  stubs.o ABSOLUTE
    _printf_fp_hex                           0x00000000   Number         0  stubs.o ABSOLUTE
    _printf_g                                0x00000000   Number         0  stubs.o ABSOLUTE
    _printf_i                                0x00000000   Number         0  stubs.o ABSOLUTE
    _printf_int_dec                          0x00000000   Number         0  stubs.o ABSOLUTE
    _printf_l                                0x00000000   Number         0  stubs.o ABSOLUTE
    _printf_lc                               0x00000000   Number         0  stubs.o ABSOLUTE
    _printf_ll                               0x00000000   Number         0  stubs.o ABSOLUTE
    _printf_lld                              0x00000000   Number         0  stubs.o ABSOLUTE
    _printf_lli                              0x00000000   Number         0  stubs.o ABSOLUTE
    _printf_llo                              0x00000000   Number         0  stubs.o ABSOLUTE
    _printf_llu                              0x00000000   Number         0  stubs.o ABSOLUTE
    _printf_llx                              0x00000000   Number         0  stubs.o ABSOLUTE
    _printf_longlong_dec                     0x00000000   Number         0  stubs.o ABSOLUTE
    _printf_longlong_hex                     0x00000000   Number         0  stubs.o ABSOLUTE
    _printf_longlong_oct                     0x00000000   Number         0  stubs.o ABSOLUTE
    _printf_ls                               0x00000000   Number         0  stubs.o ABSOLUTE
    _printf_mbtowc                           0x00000000   Number         0  stubs.o ABSOLUTE
    _printf_n                                0x00000000   Number         0  stubs.o ABSOLUTE
    _printf_o                                0x00000000   Number         0  stubs.o ABSOLUTE
    _printf_p                                0x00000000   Number         0  stubs.o ABSOLUTE
    _printf_percent                          0x00000000   Number         0  stubs.o ABSOLUTE
    _printf_pre_padding                      0x00000000   Number         0  stubs.o ABSOLUTE
    _printf_return_value                     0x00000000   Number         0  stubs.o ABSOLUTE
    _printf_s                                0x00000000   Number         0  stubs.o ABSOLUTE
    _printf_sizespec                         0x00000000   Number         0  stubs.o ABSOLUTE
    _printf_str                              0x00000000   Number         0  stubs.o ABSOLUTE
    _printf_truncate_signed                  0x00000000   Number         0  stubs.o ABSOLUTE
    _printf_truncate_unsigned                0x00000000   Number         0  stubs.o ABSOLUTE
    _printf_u                                0x00000000   Number         0  stubs.o ABSOLUTE
    _printf_wc                               0x00000000   Number         0  stubs.o ABSOLUTE
    _printf_wctomb                           0x00000000   Number         0  stubs.o ABSOLUTE
    _printf_widthprec                        0x00000000   Number         0  stubs.o ABSOLUTE
    _printf_x                                0x00000000   Number         0  stubs.o ABSOLUTE
    __cxa_finalize                            - Undefined Weak Reference
    __decompress                              - Undefined Weak Reference
    _clock_init                               - Undefined Weak Reference
    _microlib_exit                            - Undefined Weak Reference
    __Vectors_Size                           0x00000188   Number         0  startup_stm32f40_41xxx.o ABSOLUTE
    __Vectors                                0x08000000   Data           4  startup_stm32f40_41xxx.o(RESET)
    __Vectors_End                            0x08000188   Data           0  startup_stm32f40_41xxx.o(RESET)
    __main                                   0x08000189   Thumb Code     0  entry.o(.ARM.Collect$$$$00000000)
    _main_stk                                0x08000189   Thumb Code     0  entry2.o(.ARM.Collect$$$$00000001)
    _main_scatterload                        0x0800018d   Thumb Code     0  entry5.o(.ARM.Collect$$$$00000004)
    __main_after_scatterload                 0x08000191   Thumb Code     0  entry5.o(.ARM.Collect$$$$00000004)
    _main_clock                              0x08000191   Thumb Code     0  entry7b.o(.ARM.Collect$$$$00000008)
    _main_cpp_init$empty                     0x08000191   Thumb Code     0  entry8a.o(.ARM.Collect$$$$00000009)
    _main_cpp_init                           0x08000195   Thumb Code     0  entry8b.o(.ARM.Collect$$$$0000000A)
    _main_init                               0x08000195   Thumb Code     0  entry9a.o(.ARM.Collect$$$$0000000B)
    __rt_final_cpp                           0x0800019d   Thumb Code     0  entry10a.o(.ARM.Collect$$$$0000000D)
    __rt_final_exit                          0x0800019d   Thumb Code     0  entry11a.o(.ARM.Collect$$$$0000000F)
    main                                     0x080001a1   Thumb Code    14  main.o(.text)
    NMI_Handler                              0x080001af   Thumb Code     2  stm32f4xx_it.o(.text)
    HardFault_Handler                        0x080001b1   Thumb Code     4  stm32f4xx_it.o(.text)
    MemManage_Handler                        0x080001b5   Thumb Code     4  stm32f4xx_it.o(.text)
    BusFault_Handler                         0x080001b9   Thumb Code     4  stm32f4xx_it.o(.text)
    UsageFault_Handler                       0x080001bd   Thumb Code     4  stm32f4xx_it.o(.text)
    SVC_Handler                              0x080001c1   Thumb Code     2  stm32f4xx_it.o(.text)
    DebugMon_Handler                         0x080001c3   Thumb Code     2  stm32f4xx_it.o(.text)
    Reset_Handler                            0x080001c5   Thumb Code     8  startup_stm32f40_41xxx.o(.text)
    ADC_IRQHandler                           0x080001df   Thumb Code     0  startup_stm32f40_41xxx.o(.text)
    CAN1_RX1_IRQHandler                      0x080001df   Thumb Code     0  startup_stm32f40_41xxx.o(.text)
    CAN1_SCE_IRQHandler                      0x080001df   Thumb Code     0  startup_stm32f40_41xxx.o(.text)
    CAN1_TX_IRQHandler                       0x080001df   Thumb Code     0  startup_stm32f40_41xxx.o(.text)
    CAN2_RX1_IRQHandler                      0x080001df   Thumb Code     0  startup_stm32f40_41xxx.o(.text)
    CAN2_SCE_IRQHandler                      0x080001df   Thumb Code     0  startup_stm32f40_41xxx.o(.text)
    CAN2_TX_IRQHandler                       0x080001df   Thumb Code     0  startup_stm32f40_41xxx.o(.text)
    CRYP_IRQHandler                          0x080001df   Thumb Code     0  startup_stm32f40_41xxx.o(.text)
    DCMI_IRQHandler                          0x080001df   Thumb Code     0  startup_stm32f40_41xxx.o(.text)
    DMA1_Stream0_IRQHandler                  0x080001df   Thumb Code     0  startup_stm32f40_41xxx.o(.text)
    DMA1_Stream1_IRQHandler                  0x080001df   Thumb Code     0  startup_stm32f40_41xxx.o(.text)
    DMA1_Stream2_IRQHandler                  0x080001df   Thumb Code     0  startup_stm32f40_41xxx.o(.text)
    DMA1_Stream3_IRQHandler                  0x080001df   Thumb Code     0  startup_stm32f40_41xxx.o(.text)
    DMA1_Stream4_IRQHandler                  0x080001df   Thumb Code     0  startup_stm32f40_41xxx.o(.text)
    DMA1_Stream5_IRQHandler                  0x080001df   Thumb Code     0  startup_stm32f40_41xxx.o(.text)
    DMA1_Stream6_IRQHandler                  0x080001df   Thumb Code     0  startup_stm32f40_41xxx.o(.text)
    DMA1_Stream7_IRQHandler                  0x080001df   Thumb Code     0  startup_stm32f40_41xxx.o(.text)
    DMA2_Stream0_IRQHandler                  0x080001df   Thumb Code     0  startup_stm32f40_41xxx.o(.text)
    DMA2_Stream1_IRQHandler                  0x080001df   Thumb Code     0  startup_stm32f40_41xxx.o(.text)
    DMA2_Stream2_IRQHandler                  0x080001df   Thumb Code     0  startup_stm32f40_41xxx.o(.text)
    DMA2_Stream3_IRQHandler                  0x080001df   Thumb Code     0  startup_stm32f40_41xxx.o(.text)
    DMA2_Stream4_IRQHandler                  0x080001df   Thumb Code     0  startup_stm32f40_41xxx.o(.text)
    DMA2_Stream5_IRQHandler                  0x080001df   Thumb Code     0  startup_stm32f40_41xxx.o(.text)
    DMA2_Stream6_IRQHandler                  0x080001df   Thumb Code     0  startup_stm32f40_41xxx.o(.text)
    DMA2_Stream7_IRQHandler                  0x080001df   Thumb Code     0  startup_stm32f40_41xxx.o(.text)
    ETH_IRQHandler                           0x080001df   Thumb Code     0  startup_stm32f40_41xxx.o(.text)
    ETH_WKUP_IRQHandler                      0x080001df   Thumb Code     0  startup_stm32f40_41xxx.o(.text)
    EXTI0_IRQHandler                         0x080001df   Thumb Code     0  startup_stm32f40_41xxx.o(.text)
    EXTI15_10_IRQHandler                     0x080001df   Thumb Code     0  startup_stm32f40_41xxx.o(.text)
    EXTI1_IRQHandler                         0x080001df   Thumb Code     0  startup_stm32f40_41xxx.o(.text)
    EXTI2_IRQHandler                         0x080001df   Thumb Code     0  startup_stm32f40_41xxx.o(.text)
    EXTI3_IRQHandler                         0x080001df   Thumb Code     0  startup_stm32f40_41xxx.o(.text)
    EXTI4_IRQHandler                         0x080001df   Thumb Code     0  startup_stm32f40_41xxx.o(.text)
    EXTI9_5_IRQHandler                       0x080001df   Thumb Code     0  startup_stm32f40_41xxx.o(.text)
    FLASH_IRQHandler                         0x080001df   Thumb Code     0  startup_stm32f40_41xxx.o(.text)
    FPU_IRQHandler                           0x080001df   Thumb Code     0  startup_stm32f40_41xxx.o(.text)
    FSMC_IRQHandler                          0x080001df   Thumb Code     0  startup_stm32f40_41xxx.o(.text)
    HASH_RNG_IRQHandler                      0x080001df   Thumb Code     0  startup_stm32f40_41xxx.o(.text)
    I2C1_ER_IRQHandler                       0x080001df   Thumb Code     0  startup_stm32f40_41xxx.o(.text)
    I2C1_EV_IRQHandler                       0x080001df   Thumb Code     0  startup_stm32f40_41xxx.o(.text)
    I2C2_ER_IRQHandler                       0x080001df   Thumb Code     0  startup_stm32f40_41xxx.o(.text)
    I2C2_EV_IRQHandler                       0x080001df   Thumb Code     0  startup_stm32f40_41xxx.o(.text)
    I2C3_ER_IRQHandler                       0x080001df   Thumb Code     0  startup_stm32f40_41xxx.o(.text)
    I2C3_EV_IRQHandler                       0x080001df   Thumb Code     0  startup_stm32f40_41xxx.o(.text)
    OTG_FS_IRQHandler                        0x080001df   Thumb Code     0  startup_stm32f40_41xxx.o(.text)
    OTG_FS_WKUP_IRQHandler                   0x080001df   Thumb Code     0  startup_stm32f40_41xxx.o(.text)
    OTG_HS_EP1_IN_IRQHandler                 0x080001df   Thumb Code     0  startup_stm32f40_41xxx.o(.text)
    OTG_HS_EP1_OUT_IRQHandler                0x080001df   Thumb Code     0  startup_stm32f40_41xxx.o(.text)
    OTG_HS_IRQHandler                        0x080001df   Thumb Code     0  startup_stm32f40_41xxx.o(.text)
    OTG_HS_WKUP_IRQHandler                   0x080001df   Thumb Code     0  startup_stm32f40_41xxx.o(.text)
    PVD_IRQHandler                           0x080001df   Thumb Code     0  startup_stm32f40_41xxx.o(.text)
    RCC_IRQHandler                           0x080001df   Thumb Code     0  startup_stm32f40_41xxx.o(.text)
    RTC_Alarm_IRQHandler                     0x080001df   Thumb Code     0  startup_stm32f40_41xxx.o(.text)
    RTC_WKUP_IRQHandler                      0x080001df   Thumb Code     0  startup_stm32f40_41xxx.o(.text)
    SDIO_IRQHandler                          0x080001df   Thumb Code     0  startup_stm32f40_41xxx.o(.text)
    SPI1_IRQHandler                          0x080001df   Thumb Code     0  startup_stm32f40_41xxx.o(.text)
    SPI2_IRQHandler                          0x080001df   Thumb Code     0  startup_stm32f40_41xxx.o(.text)
    SPI3_IRQHandler                          0x080001df   Thumb Code     0  startup_stm32f40_41xxx.o(.text)
    TAMP_STAMP_IRQHandler                    0x080001df   Thumb Code     0  startup_stm32f40_41xxx.o(.text)
    TIM1_BRK_TIM9_IRQHandler                 0x080001df   Thumb Code     0  startup_stm32f40_41xxx.o(.text)
    TIM1_CC_IRQHandler                       0x080001df   Thumb Code     0  startup_stm32f40_41xxx.o(.text)
    TIM1_TRG_COM_TIM11_IRQHandler            0x080001df   Thumb Code     0  startup_stm32f40_41xxx.o(.text)
    TIM1_UP_TIM10_IRQHandler                 0x080001df   Thumb Code     0  startup_stm32f40_41xxx.o(.text)
    TIM3_IRQHandler                          0x080001df   Thumb Code     0  startup_stm32f40_41xxx.o(.text)
    TIM4_IRQHandler                          0x080001df   Thumb Code     0  startup_stm32f40_41xxx.o(.text)
    TIM5_IRQHandler                          0x080001df   Thumb Code     0  startup_stm32f40_41xxx.o(.text)
    TIM6_DAC_IRQHandler                      0x080001df   Thumb Code     0  startup_stm32f40_41xxx.o(.text)
    TIM7_IRQHandler                          0x080001df   Thumb Code     0  startup_stm32f40_41xxx.o(.text)
    TIM8_BRK_TIM12_IRQHandler                0x080001df   Thumb Code     0  startup_stm32f40_41xxx.o(.text)
    TIM8_CC_IRQHandler                       0x080001df   Thumb Code     0  startup_stm32f40_41xxx.o(.text)
    TIM8_TRG_COM_TIM14_IRQHandler            0x080001df   Thumb Code     0  startup_stm32f40_41xxx.o(.text)
    TIM8_UP_TIM13_IRQHandler                 0x080001df   Thumb Code     0  startup_stm32f40_41xxx.o(.text)
    UART4_IRQHandler                         0x080001df   Thumb Code     0  startup_stm32f40_41xxx.o(.text)
    UART5_IRQHandler                         0x080001df   Thumb Code     0  startup_stm32f40_41xxx.o(.text)
    USART1_IRQHandler                        0x080001df   Thumb Code     0  startup_stm32f40_41xxx.o(.text)
    USART2_IRQHandler                        0x080001df   Thumb Code     0  startup_stm32f40_41xxx.o(.text)
    USART3_IRQHandler                        0x080001df   Thumb Code     0  startup_stm32f40_41xxx.o(.text)
    USART6_IRQHandler                        0x080001df   Thumb Code     0  startup_stm32f40_41xxx.o(.text)
    WWDG_IRQHandler                          0x080001df   Thumb Code     0  startup_stm32f40_41xxx.o(.text)
    SystemInit                               0x080002c5   Thumb Code    88  system_stm32f4xx.o(.text)
    SystemCoreClockUpdate                    0x0800031d   Thumb Code   174  system_stm32f4xx.o(.text)
    thread_init()                            0x080003f9   Thumb Code    50  multi_thread.o(.text)
    thread_start()                           0x0800042b   Thumb Code    62  multi_thread.o(.text)
    MGS160N_ReqCentreDiff()                  0x08000495   Thumb Code    24  agv_canbus_hinson_mgs160n.o(.text)
    MGS160N_Init()                           0x080004ad   Thumb Code     8  agv_canbus_hinson_mgs160n.o(.text)
    MGS160N_ReqLeftDiff()                    0x080004b5   Thumb Code    24  agv_canbus_hinson_mgs160n.o(.text)
    MGS160N_ReqRightDiff()                   0x080004cd   Thumb Code    24  agv_canbus_hinson_mgs160n.o(.text)
    Dispatch_MGS160N_Data(CanRxMsg)          0x080004e5   Thumb Code   102  agv_canbus_hinson_mgs160n.o(.text)
    DispatchCan1ReceiveMsg(CanRxMsg*)        0x08000569   Thumb Code    30  agv_can1_msg_receive.o(.text)
    AGVCan1MsgReceiveProc()                  0x08000587   Thumb Code    24  agv_can1_msg_receive.o(.text)
    AGV_Can1_Msg_Receive_Init()              0x0800059f   Thumb Code    30  agv_can1_msg_receive.o(.text)
    uart3_init(unsigned)                     0x080005d1   Thumb Code   172  usart3_user.o(.text)
    uart3SendChar(unsigned char)             0x0800067d   Thumb Code    22  usart3_user.o(.text)
    uart3SendChars(unsigned char*, unsigned short) 0x08000693   Thumb Code    26  usart3_user.o(.text)
    usar3_Receive_Data(unsigned char*, unsigned char*) 0x080006ad   Thumb Code    68  usart3_user.o(.text)
    USART3_IRQHandler()                      0x080006f1   Thumb Code    42  usart3_user.o(.text)
    fputc                                    0x0800071b   Thumb Code    16  usart3_user.o(.text)
    NVIC_PriorityGroupConfig                 0x0800073d   Thumb Code    10  misc.o(.text)
    NVIC_Init                                0x08000747   Thumb Code   108  misc.o(.text)
    NVIC_SetVectorTable                      0x080007b3   Thumb Code    14  misc.o(.text)
    NVIC_SystemLPConfig                      0x080007c1   Thumb Code    34  misc.o(.text)
    SysTick_CLKSourceConfig                  0x080007e3   Thumb Code    40  misc.o(.text)
    GPIO_DeInit                              0x08000821   Thumb Code   268  stm32f4xx_gpio.o(.text)
    GPIO_Init                                0x0800092d   Thumb Code   144  stm32f4xx_gpio.o(.text)
    GPIO_StructInit                          0x080009bd   Thumb Code    18  stm32f4xx_gpio.o(.text)
    GPIO_PinLockConfig                       0x080009cf   Thumb Code    34  stm32f4xx_gpio.o(.text)
    GPIO_ReadInputDataBit                    0x080009f1   Thumb Code    18  stm32f4xx_gpio.o(.text)
    GPIO_ReadInputData                       0x08000a03   Thumb Code     8  stm32f4xx_gpio.o(.text)
    GPIO_ReadOutputDataBit                   0x08000a0b   Thumb Code    18  stm32f4xx_gpio.o(.text)
    GPIO_ReadOutputData                      0x08000a1d   Thumb Code     8  stm32f4xx_gpio.o(.text)
    GPIO_SetBits                             0x08000a25   Thumb Code     4  stm32f4xx_gpio.o(.text)
    GPIO_ResetBits                           0x08000a29   Thumb Code     4  stm32f4xx_gpio.o(.text)
    GPIO_WriteBit                            0x08000a2d   Thumb Code    10  stm32f4xx_gpio.o(.text)
    GPIO_Write                               0x08000a37   Thumb Code     4  stm32f4xx_gpio.o(.text)
    GPIO_ToggleBits                          0x08000a3b   Thumb Code     8  stm32f4xx_gpio.o(.text)
    GPIO_PinAFConfig                         0x08000a43   Thumb Code    70  stm32f4xx_gpio.o(.text)
    RCC_DeInit                               0x08000ab5   Thumb Code    82  stm32f4xx_rcc.o(.text)
    RCC_HSEConfig                            0x08000b07   Thumb Code    14  stm32f4xx_rcc.o(.text)
    RCC_GetFlagStatus                        0x08000b15   Thumb Code    60  stm32f4xx_rcc.o(.text)
    RCC_WaitForHSEStartUp                    0x08000b51   Thumb Code    56  stm32f4xx_rcc.o(.text)
    RCC_AdjustHSICalibrationValue            0x08000b89   Thumb Code    20  stm32f4xx_rcc.o(.text)
    RCC_HSICmd                               0x08000b9d   Thumb Code     6  stm32f4xx_rcc.o(.text)
    RCC_LSEConfig                            0x08000ba3   Thumb Code    46  stm32f4xx_rcc.o(.text)
    RCC_LSICmd                               0x08000bd1   Thumb Code     6  stm32f4xx_rcc.o(.text)
    RCC_PLLConfig                            0x08000bd7   Thumb Code    32  stm32f4xx_rcc.o(.text)
    RCC_PLLCmd                               0x08000bf7   Thumb Code     6  stm32f4xx_rcc.o(.text)
    RCC_PLLI2SConfig                         0x08000bfd   Thumb Code    14  stm32f4xx_rcc.o(.text)
    RCC_PLLI2SCmd                            0x08000c0b   Thumb Code     6  stm32f4xx_rcc.o(.text)
    RCC_PLLSAIConfig                         0x08000c11   Thumb Code    20  stm32f4xx_rcc.o(.text)
    RCC_PLLSAICmd                            0x08000c25   Thumb Code     6  stm32f4xx_rcc.o(.text)
    RCC_ClockSecuritySystemCmd               0x08000c2b   Thumb Code     6  stm32f4xx_rcc.o(.text)
    RCC_MCO1Config                           0x08000c31   Thumb Code    28  stm32f4xx_rcc.o(.text)
    RCC_MCO2Config                           0x08000c4d   Thumb Code    28  stm32f4xx_rcc.o(.text)
    RCC_SYSCLKConfig                         0x08000c69   Thumb Code    20  stm32f4xx_rcc.o(.text)
    RCC_GetSYSCLKSource                      0x08000c7d   Thumb Code    12  stm32f4xx_rcc.o(.text)
    RCC_HCLKConfig                           0x08000c89   Thumb Code    20  stm32f4xx_rcc.o(.text)
    RCC_PCLK1Config                          0x08000c9d   Thumb Code    20  stm32f4xx_rcc.o(.text)
    RCC_PCLK2Config                          0x08000cb1   Thumb Code    22  stm32f4xx_rcc.o(.text)
    RCC_GetClocksFreq                        0x08000cc7   Thumb Code   222  stm32f4xx_rcc.o(.text)
    RCC_RTCCLKConfig                         0x08000da5   Thumb Code    54  stm32f4xx_rcc.o(.text)
    RCC_RTCCLKCmd                            0x08000ddb   Thumb Code     8  stm32f4xx_rcc.o(.text)
    RCC_BackupResetCmd                       0x08000de3   Thumb Code     8  stm32f4xx_rcc.o(.text)
    RCC_I2SCLKConfig                         0x08000deb   Thumb Code     6  stm32f4xx_rcc.o(.text)
    RCC_SAIPLLI2SClkDivConfig                0x08000df1   Thumb Code    26  stm32f4xx_rcc.o(.text)
    RCC_SAIPLLSAIClkDivConfig                0x08000e0b   Thumb Code    28  stm32f4xx_rcc.o(.text)
    RCC_SAIBlockACLKConfig                   0x08000e27   Thumb Code    20  stm32f4xx_rcc.o(.text)
    RCC_SAIBlockBCLKConfig                   0x08000e3b   Thumb Code    20  stm32f4xx_rcc.o(.text)
    RCC_LTDCCLKDivConfig                     0x08000e4f   Thumb Code    20  stm32f4xx_rcc.o(.text)
    RCC_TIMCLKPresConfig                     0x08000e63   Thumb Code     6  stm32f4xx_rcc.o(.text)
    RCC_AHB1PeriphClockCmd                   0x08000e69   Thumb Code    34  stm32f4xx_rcc.o(.text)
    RCC_AHB2PeriphClockCmd                   0x08000e8b   Thumb Code    78  stm32f4xx_rcc.o(.text)
    RCC_AHB3PeriphClockCmd                   0x08000ed9   Thumb Code    34  stm32f4xx_rcc.o(.text)
    RCC_APB1PeriphClockCmd                   0x08000efb   Thumb Code    34  stm32f4xx_rcc.o(.text)
    RCC_APB2PeriphClockCmd                   0x08000f1d   Thumb Code    34  stm32f4xx_rcc.o(.text)
    RCC_AHB1PeriphResetCmd                   0x08000f3f   Thumb Code    34  stm32f4xx_rcc.o(.text)
    RCC_AHB2PeriphResetCmd                   0x08000f61   Thumb Code    34  stm32f4xx_rcc.o(.text)
    RCC_AHB3PeriphResetCmd                   0x08000f83   Thumb Code    34  stm32f4xx_rcc.o(.text)
    RCC_APB1PeriphResetCmd                   0x08000fa5   Thumb Code    34  stm32f4xx_rcc.o(.text)
    RCC_APB2PeriphResetCmd                   0x08000fc7   Thumb Code    34  stm32f4xx_rcc.o(.text)
    RCC_AHB1PeriphClockLPModeCmd             0x08000fe9   Thumb Code    34  stm32f4xx_rcc.o(.text)
    RCC_AHB2PeriphClockLPModeCmd             0x0800100b   Thumb Code    34  stm32f4xx_rcc.o(.text)
    RCC_AHB3PeriphClockLPModeCmd             0x0800102d   Thumb Code    34  stm32f4xx_rcc.o(.text)
    RCC_APB1PeriphClockLPModeCmd             0x0800104f   Thumb Code    34  stm32f4xx_rcc.o(.text)
    RCC_APB2PeriphClockLPModeCmd             0x08001071   Thumb Code    34  stm32f4xx_rcc.o(.text)
    RCC_LSEModeConfig                        0x08001093   Thumb Code    40  stm32f4xx_rcc.o(.text)
    RCC_ITConfig                             0x080010bb   Thumb Code    34  stm32f4xx_rcc.o(.text)
    RCC_ClearFlag                            0x080010dd   Thumb Code    18  stm32f4xx_rcc.o(.text)
    RCC_GetITStatus                          0x080010ef   Thumb Code    22  stm32f4xx_rcc.o(.text)
    RCC_ClearITPendingBit                    0x08001105   Thumb Code     8  stm32f4xx_rcc.o(.text)
    CAN_DeInit                               0x08001111   Thumb Code    50  stm32f4xx_can.o(.text)
    CAN_Init                                 0x08001143   Thumb Code   276  stm32f4xx_can.o(.text)
    CAN_FilterInit                           0x08001257   Thumb Code   258  stm32f4xx_can.o(.text)
    CAN_StructInit                           0x08001359   Thumb Code    32  stm32f4xx_can.o(.text)
    CAN_SlaveStartBank                       0x08001379   Thumb Code    48  stm32f4xx_can.o(.text)
    CAN_DBGFreeze                            0x080013a9   Thumb Code    22  stm32f4xx_can.o(.text)
    CAN_TTComModeCmd                         0x080013bf   Thumb Code   118  stm32f4xx_can.o(.text)
    CAN_Transmit                             0x08001435   Thumb Code   304  stm32f4xx_can.o(.text)
    CAN_TransmitStatus                       0x08001565   Thumb Code   138  stm32f4xx_can.o(.text)
    CAN_CancelTransmit                       0x080015ef   Thumb Code    48  stm32f4xx_can.o(.text)
    CAN_Receive                              0x0800161f   Thumb Code   240  stm32f4xx_can.o(.text)
    CAN_FIFORelease                          0x0800170f   Thumb Code    22  stm32f4xx_can.o(.text)
    CAN_MessagePending                       0x08001725   Thumb Code    30  stm32f4xx_can.o(.text)
    CAN_OperatingModeRequest                 0x08001743   Thumb Code   162  stm32f4xx_can.o(.text)
    CAN_Sleep                                0x080017e5   Thumb Code    30  stm32f4xx_can.o(.text)
    CAN_WakeUp                               0x08001803   Thumb Code    48  stm32f4xx_can.o(.text)
    CAN_GetLastErrorCode                     0x08001833   Thumb Code    12  stm32f4xx_can.o(.text)
    CAN_GetReceiveErrorCounter               0x0800183f   Thumb Code    10  stm32f4xx_can.o(.text)
    CAN_GetLSBTransmitErrorCounter           0x08001849   Thumb Code    12  stm32f4xx_can.o(.text)
    CAN_ITConfig                             0x08001855   Thumb Code    18  stm32f4xx_can.o(.text)
    CAN_GetFlagStatus                        0x08001867   Thumb Code   120  stm32f4xx_can.o(.text)
    CAN_ClearFlag                            0x080018df   Thumb Code    52  stm32f4xx_can.o(.text)
    CAN_GetITStatus                          0x08001923   Thumb Code   308  stm32f4xx_can.o(.text)
    CAN_ClearITPendingBit                    0x08001a57   Thumb Code   162  stm32f4xx_can.o(.text)
    USART_DeInit                             0x08001afd   Thumb Code   206  stm32f4xx_usart.o(.text)
    USART_Init                               0x08001bcb   Thumb Code   204  stm32f4xx_usart.o(.text)
    USART_StructInit                         0x08001c97   Thumb Code    24  stm32f4xx_usart.o(.text)
    USART_ClockInit                          0x08001caf   Thumb Code    32  stm32f4xx_usart.o(.text)
    USART_ClockStructInit                    0x08001ccf   Thumb Code    12  stm32f4xx_usart.o(.text)
    USART_Cmd                                0x08001cdb   Thumb Code    24  stm32f4xx_usart.o(.text)
    USART_SetPrescaler                       0x08001cf3   Thumb Code    16  stm32f4xx_usart.o(.text)
    USART_OverSampling8Cmd                   0x08001d03   Thumb Code    22  stm32f4xx_usart.o(.text)
    USART_OneBitMethodCmd                    0x08001d19   Thumb Code    24  stm32f4xx_usart.o(.text)
    USART_SendData                           0x08001d31   Thumb Code     8  stm32f4xx_usart.o(.text)
    USART_ReceiveData                        0x08001d39   Thumb Code    10  stm32f4xx_usart.o(.text)
    USART_SetAddress                         0x08001d43   Thumb Code    18  stm32f4xx_usart.o(.text)
    USART_ReceiverWakeUpCmd                  0x08001d55   Thumb Code    24  stm32f4xx_usart.o(.text)
    USART_WakeUpConfig                       0x08001d6d   Thumb Code    18  stm32f4xx_usart.o(.text)
    USART_LINBreakDetectLengthConfig         0x08001d7f   Thumb Code    18  stm32f4xx_usart.o(.text)
    USART_LINCmd                             0x08001d91   Thumb Code    24  stm32f4xx_usart.o(.text)
    USART_SendBreak                          0x08001da9   Thumb Code    10  stm32f4xx_usart.o(.text)
    USART_HalfDuplexCmd                      0x08001db3   Thumb Code    24  stm32f4xx_usart.o(.text)
    USART_SetGuardTime                       0x08001dcb   Thumb Code    16  stm32f4xx_usart.o(.text)
    USART_SmartCardCmd                       0x08001ddb   Thumb Code    24  stm32f4xx_usart.o(.text)
    USART_SmartCardNACKCmd                   0x08001df3   Thumb Code    24  stm32f4xx_usart.o(.text)
    USART_IrDAConfig                         0x08001e0b   Thumb Code    18  stm32f4xx_usart.o(.text)
    USART_IrDACmd                            0x08001e1d   Thumb Code    24  stm32f4xx_usart.o(.text)
    USART_DMACmd                             0x08001e35   Thumb Code    18  stm32f4xx_usart.o(.text)
    USART_ITConfig                           0x08001e47   Thumb Code    74  stm32f4xx_usart.o(.text)
    USART_GetFlagStatus                      0x08001e91   Thumb Code    26  stm32f4xx_usart.o(.text)
    USART_ClearFlag                          0x08001eab   Thumb Code    18  stm32f4xx_usart.o(.text)
    USART_GetITStatus                        0x08001ebd   Thumb Code   118  stm32f4xx_usart.o(.text)
    USART_ClearITPendingBit                  0x08001f33   Thumb Code    30  stm32f4xx_usart.o(.text)
    CAN1_Mode_Init(unsigned char, unsigned char, unsigned char, unsigned short, unsigned char) 0x08001f51   Thumb Code   208  can1.o(.text)
    CAN1_INT_Init(unsigned, unsigned char)   0x08002021   Thumb Code    36  can1.o(.text)
    CAN1_INT_Init_ByDefault_RX0()            0x08002045   Thumb Code    12  can1.o(.text)
    CAN1_INIT_Start(unsigned)                0x08002051   Thumb Code    16  can1.o(.text)
    CAN1_INIT_Stop(unsigned)                 0x08002061   Thumb Code    16  can1.o(.text)
    CAN1_INIT_Start_ByDefault_RX0()          0x08002071   Thumb Code    10  can1.o(.text)
    CAN1_INIT_Stop_ByDefault_RX0()           0x0800207b   Thumb Code    10  can1.o(.text)
    CAN1_Filter_Init(unsigned, unsigned)     0x08002085   Thumb Code    76  can1.o(.text)
    CAN1_RX0_IRQHandler                      0x080020d1   Thumb Code    32  can1.o(.text)
    initCanMessage(CanRxMsg*)                0x080020f1   Thumb Code    14  can1.o(.text)
    CAN1_Send_Msg(unsigned char*, unsigned char) 0x080020ff   Thumb Code   108  can1.o(.text)
    CAN1_Send_Msg1(unsigned, unsigned, unsigned char, unsigned char*, unsigned char) 0x0800216b   Thumb Code   164  can1.o(.text)
    CAN1_Receive(unsigned char*, unsigned char) 0x0800220f   Thumb Code    86  can1.o(.text)
    CAN1_Receive_ByTime(unsigned char*, unsigned char, int) 0x08002265   Thumb Code   114  can1.o(.text)
    CAN1_Receive_Msg(CanRxMsg*)              0x080022d7   Thumb Code    38  can1.o(.text)
    CAN1_Receive_Msg_ByTime(CanRxMsg*, int)  0x080022fd   Thumb Code    66  can1.o(.text)
    CAN1_Receive_Validate_Msg_ByTime(CanRxMsg*, unsigned short, int) 0x0800233f   Thumb Code    98  can1.o(.text)
    CAN1_Receive_Validate_Msg_ByTime(CanRxMsg*, unsigned short, unsigned short, unsigned char, int) 0x080023a1   Thumb Code   112  can1.o(.text)
    CANopen::setup(unsigned char)            0x08002415   Thumb Code   158  canopen.o(.text)
    CANopen::sendMsg(unsigned char*, unsigned char) 0x080024b3   Thumb Code    18  canopen.o(.text)
    CANopen::sendMsg1(unsigned, unsigned, unsigned char, unsigned char*, unsigned char) 0x080024c5   Thumb Code    36  canopen.o(.text)
    CANopen::sendMsg2(unsigned, unsigned char, unsigned char*, unsigned char) 0x080024e9   Thumb Code    32  canopen.o(.text)
    CANopen::receive(unsigned char*, unsigned char) 0x08002509   Thumb Code    18  canopen.o(.text)
    CANopen::receiveByTime(unsigned char*, unsigned char, int) 0x0800251b   Thumb Code    26  canopen.o(.text)
    CANopen::receiveMsg(CanRxMsg*)           0x08002535   Thumb Code    14  canopen.o(.text)
    CANopen::receiveMsgByTime(CanRxMsg*, int) 0x08002543   Thumb Code    18  canopen.o(.text)
    CANopen::composeMsg(unsigned char, unsigned short, unsigned char) 0x08002555   Thumb Code    36  canopen.o(.text)
    CANopen::read8bit(unsigned short, unsigned char, unsigned char*, unsigned short) 0x08002579   Thumb Code    98  canopen.o(.text)
    CANopen::Sdo_Read8bit(unsigned short, unsigned char, unsigned char*, ST_Can_Sdo_Rec_Data*, unsigned short) 0x080025db   Thumb Code   130  canopen.o(.text)
    CANopen::read16bit(unsigned short, unsigned char, unsigned short*, unsigned short) 0x0800265d   Thumb Code   104  canopen.o(.text)
    CANopen::Sdo_Read16bit(unsigned short, unsigned char, unsigned short*, ST_Can_Sdo_Rec_Data*, unsigned short) 0x080026c5   Thumb Code   134  canopen.o(.text)
    CANopen::read32bit(unsigned short, unsigned char, unsigned*, unsigned short) 0x0800274b   Thumb Code   116  canopen.o(.text)
    CANopen::Sdo_Read32bit(unsigned short, unsigned char, unsigned*, ST_Can_Sdo_Rec_Data*, unsigned short) 0x080027bf   Thumb Code   142  canopen.o(.text)
    CANopen::write8bit(unsigned short, unsigned char, unsigned char, unsigned short) 0x0800284d   Thumb Code   100  canopen.o(.text)
    CANopen::Sdo_Write8bit(unsigned short, unsigned char, unsigned char, ST_Can_Sdo_Rec_Data*, unsigned short) 0x080028b1   Thumb Code   112  canopen.o(.text)
    CANopen::write16bit(unsigned short, unsigned char, unsigned short, unsigned short) 0x08002921   Thumb Code   110  canopen.o(.text)
    CANopen::Sdo_Write16bit(unsigned short, unsigned char, unsigned short, ST_Can_Sdo_Rec_Data*, unsigned short) 0x0800298f   Thumb Code   120  canopen.o(.text)
    CANopen::write32bit(unsigned short, unsigned char, unsigned, unsigned short) 0x08002a07   Thumb Code   108  canopen.o(.text)
    CANopen::Sdo_Write32bit(unsigned short, unsigned char, unsigned, ST_Can_Sdo_Rec_Data*, unsigned short) 0x08002a73   Thumb Code   120  canopen.o(.text)
    CANopen2::setup(unsigned char)           0x08002aeb   Thumb Code   158  canopen.o(.text)
    CANopen2::sendMsg(unsigned char*, unsigned char) 0x08002b89   Thumb Code    18  canopen.o(.text)
    CANopen2::sendMsg1(unsigned, unsigned, unsigned char, unsigned char*, unsigned char) 0x08002b9b   Thumb Code    36  canopen.o(.text)
    CANopen2::sendMsg2(unsigned, unsigned char, unsigned char*, unsigned char) 0x08002bbf   Thumb Code    32  canopen.o(.text)
    CANopen2::receive(unsigned char*, unsigned char) 0x08002bdf   Thumb Code    18  canopen.o(.text)
    CANopen2::receiveByTime(unsigned char*, unsigned char, int) 0x08002bf1   Thumb Code    26  canopen.o(.text)
    CANopen2::receiveMsg(CanRxMsg*)          0x08002c0b   Thumb Code    14  canopen.o(.text)
    CANopen2::receiveMsgByTime(CanRxMsg*, int) 0x08002c19   Thumb Code    18  canopen.o(.text)
    CANopen2::composeMsg(unsigned char, unsigned short, unsigned char) 0x08002c2b   Thumb Code    36  canopen.o(.text)
    CANopen2::read8bit(unsigned short, unsigned char, unsigned char*, unsigned short) 0x08002c4f   Thumb Code    98  canopen.o(.text)
    CANopen2::read16bit(unsigned short, unsigned char, unsigned short*, unsigned short) 0x08002cb1   Thumb Code   104  canopen.o(.text)
    CANopen2::read32bit(unsigned short, unsigned char, unsigned*, unsigned short) 0x08002d19   Thumb Code   126  canopen.o(.text)
    CANopen2::write8bit(unsigned short, unsigned char, unsigned char, unsigned short) 0x08002d97   Thumb Code   100  canopen.o(.text)
    CANopen2::write16bit(unsigned short, unsigned char, unsigned short, unsigned short) 0x08002dfb   Thumb Code   100  canopen.o(.text)
    CANopen2::write32bit(unsigned short, unsigned char, unsigned, unsigned short) 0x08002e5f   Thumb Code   108  canopen.o(.text)
    KEY_Init()                               0x08002ed5   Thumb Code    44  key.o(.text)
    key_scan(unsigned char)                  0x08002f01   Thumb Code   180  key.o(.text)
    LED_Init()                               0x08002fdd   Thumb Code    80  led.o(.text)
    GPIO_group_OUT(_gpio_group*, unsigned short) 0x08003035   Thumb Code   452  common.o(.text)
    GPIO_bits_OUT(GPIO_TypeDef*, unsigned char, unsigned char, unsigned short) 0x080031f9   Thumb Code    92  common.o(.text)
    SysTick_Handler                          0x08003255   Thumb Code    16  common.o(.text)
    delay_init()                             0x08003265   Thumb Code    62  common.o(.text)
    delay_us(unsigned)                       0x080032a3   Thumb Code    86  common.o(.text)
    delay_ms(unsigned short)                 0x080032f9   Thumb Code    68  common.o(.text)
    NVIC_Configuration()                     0x0800333d   Thumb Code    40  common.o(.text)
    System_Init()                            0x08003365   Thumb Code    12  common.o(.text)
    float2str(float, int, char*)             0x08003371   Thumb Code    94  common.o(.text)
    uint64tostr(unsigned long long, char*)   0x080033cf   Thumb Code    24  common.o(.text)
    uint32tostr(unsigned, char*)             0x080033e7   Thumb Code    20  common.o(.text)
    int32tostr(int, char*)                   0x080033fb   Thumb Code    20  common.o(.text)
    F2S(double, int, char*)                  0x0800340f   Thumb Code   284  common.o(.text)
    fun(char*, char*)                        0x0800352b   Thumb Code    46  common.o(.text)
    my_itoa(int, char*, int)                 0x08003559   Thumb Code   136  common.o(.text)
    my_ftoa(double, int, char*)              0x080035e1   Thumb Code   284  common.o(.text)
    CRC_CHECK(unsigned char*, unsigned char) 0x080036fd   Thumb Code    58  common.o(.text)
    Float_To_Char(float, unsigned char*)     0x08003737   Thumb Code    26  common.o(.text)
    Double_To_Char(double, unsigned char*)   0x08003751   Thumb Code    26  common.o(.text)
    Uchar_To_Float(unsigned char*)           0x0800376b   Thumb Code    26  common.o(.text)
    Uchar_To_Double(unsigned char*)          0x08003785   Thumb Code    60  common.o(.text)
    Get_ChipID_Data()                        0x080037c1   Thumb Code    96  common.o(.text)
    CAN2_Mode_Init(unsigned char, unsigned char, unsigned char, unsigned short, unsigned char) 0x08003829   Thumb Code   212  can2.o(.text)
    CAN2_INT_Init(unsigned, unsigned char)   0x080038fd   Thumb Code    46  can2.o(.text)
    CAN2_INT_Init_ByDefault_RX0()            0x0800392b   Thumb Code    12  can2.o(.text)
    CAN2_INIT_Start(unsigned)                0x08003937   Thumb Code    16  can2.o(.text)
    CAN2_INIT_Stop(unsigned)                 0x08003947   Thumb Code    16  can2.o(.text)
    CAN2_INIT_Start_ByDefault_RX0()          0x08003957   Thumb Code    10  can2.o(.text)
    CAN2_INIT_Stop_ByDefault_RX0()           0x08003961   Thumb Code    10  can2.o(.text)
    CAN2_Filter_Init(unsigned, unsigned)     0x0800396b   Thumb Code    76  can2.o(.text)
    CAN2_RX0_IRQHandler                      0x080039b7   Thumb Code    32  can2.o(.text)
    CAN2_Send_Msg(unsigned char*, unsigned char) 0x080039d7   Thumb Code   104  can2.o(.text)
    CAN2_Send_Msg1(unsigned, unsigned, unsigned char, unsigned char*, unsigned char) 0x08003a3f   Thumb Code   132  can2.o(.text)
    CAN2_Receive(unsigned char*, unsigned char) 0x08003ac3   Thumb Code    86  can2.o(.text)
    CAN2_Receive_ByTime(unsigned char*, unsigned char, int) 0x08003b19   Thumb Code   116  can2.o(.text)
    CAN2_Receive_Msg(CanRxMsg*)              0x08003b8d   Thumb Code    38  can2.o(.text)
    CAN2_Receive_Msg_ByTime(CanRxMsg*, int)  0x08003bb3   Thumb Code    66  can2.o(.text)
    CAN2_Receive_Validate_Msg_ByTime(CanRxMsg*, unsigned short, int) 0x08003bf5   Thumb Code    80  can2.o(.text)
    CAN2_Receive_Validate_Msg_ByTime(CanRxMsg*, unsigned short, unsigned short, unsigned char, int) 0x08003c45   Thumb Code   128  can2.o(.text)
    TIM2_Init(unsigned short, unsigned short) 0x08003cc9   Thumb Code    90  timer.o(.text)
    TIM2_IRQHandler                          0x08003d23   Thumb Code    34  timer.o(.text)
    millis()                                 0x08003d45   Thumb Code     6  timer.o(.text)
    OSTimeDly_MS(unsigned)                   0x08003d4b   Thumb Code   164  timer.o(.text)
    OS_TaskStatStkChk                        0x08003df9   Thumb Code    54  os_core.o(.text)
    OS_TaskStat                              0x08003e2f   Thumb Code   116  os_core.o(.text)
    OS_TaskIdle                              0x08003ed7   Thumb Code    34  os_core.o(.text)
    OS_MemClr                                0x08003f2d   Thumb Code    18  os_core.o(.text)
    OSInit                                   0x0800404b   Thumb Code    44  os_core.o(.text)
    OSIntEnter                               0x08004077   Thumb Code    28  os_core.o(.text)
    OSIntExit                                0x080040ad   Thumb Code   112  os_core.o(.text)
    OSSchedLock                              0x0800411d   Thumb Code    50  os_core.o(.text)
    OS_Sched                                 0x0800414f   Thumb Code    88  os_core.o(.text)
    OSSchedUnlock                            0x080041a7   Thumb Code   238  os_core.o(.text)
    OSStart                                  0x08004295   Thumb Code    48  os_core.o(.text)
    OSStatInit                               0x080042c5   Thumb Code    62  os_core.o(.text)
    OSTimeTick                               0x08004303   Thumb Code   218  os_core.o(.text)
    OSVersion                                0x080043dd   Thumb Code     6  os_core.o(.text)
    OS_Dummy                                 0x080043e3   Thumb Code     2  os_core.o(.text)
    OS_EventTaskRemove                       0x080043e5   Thumb Code    42  os_core.o(.text)
    OS_EventTaskRdy                          0x0800440f   Thumb Code   118  os_core.o(.text)
    OS_EventTaskWait                         0x08004485   Thumb Code   112  os_core.o(.text)
    OS_EventWaitListInit                     0x080044f5   Thumb Code    28  os_core.o(.text)
    OS_MemCopy                               0x08004511   Thumb Code    20  os_core.o(.text)
    OS_StrLen                                0x08004525   Thumb Code    20  os_core.o(.text)
    OS_TCBInit                               0x08004539   Thumb Code   294  os_core.o(.text)
    OSTimeDly                                0x080046a5   Thumb Code   100  os_time.o(.text)
    OSTimeDlyHMSM                            0x08004709   Thumb Code    86  os_time.o(.text)
    OSTimeDlyResume                          0x0800475f   Thumb Code   176  os_time.o(.text)
    OSTimeGet                                0x0800480f   Thumb Code    24  os_time.o(.text)
    OSTimeSet                                0x08004827   Thumb Code    24  os_time.o(.text)
    TIM_DeInit                               0x0800485d   Thumb Code   346  stm32f4xx_tim.o(.text)
    TIM_TimeBaseInit                         0x080049b7   Thumb Code   104  stm32f4xx_tim.o(.text)
    TIM_TimeBaseStructInit                   0x08004a1f   Thumb Code    18  stm32f4xx_tim.o(.text)
    TIM_PrescalerConfig                      0x08004a31   Thumb Code     6  stm32f4xx_tim.o(.text)
    TIM_CounterModeConfig                    0x08004a37   Thumb Code    18  stm32f4xx_tim.o(.text)
    TIM_SetCounter                           0x08004a49   Thumb Code     4  stm32f4xx_tim.o(.text)
    TIM_SetAutoreload                        0x08004a4d   Thumb Code     4  stm32f4xx_tim.o(.text)
    TIM_GetCounter                           0x08004a51   Thumb Code     6  stm32f4xx_tim.o(.text)
    TIM_GetPrescaler                         0x08004a57   Thumb Code     6  stm32f4xx_tim.o(.text)
    TIM_UpdateDisableConfig                  0x08004a5d   Thumb Code    24  stm32f4xx_tim.o(.text)
    TIM_UpdateRequestConfig                  0x08004a75   Thumb Code    24  stm32f4xx_tim.o(.text)
    TIM_ARRPreloadConfig                     0x08004a8d   Thumb Code    24  stm32f4xx_tim.o(.text)
    TIM_SelectOnePulseMode                   0x08004aa5   Thumb Code    18  stm32f4xx_tim.o(.text)
    TIM_SetClockDivision                     0x08004ab7   Thumb Code    18  stm32f4xx_tim.o(.text)
    TIM_Cmd                                  0x08004ac9   Thumb Code    24  stm32f4xx_tim.o(.text)
    TIM_OC1Init                              0x08004ae1   Thumb Code   114  stm32f4xx_tim.o(.text)
    TIM_OC2Init                              0x08004b53   Thumb Code   154  stm32f4xx_tim.o(.text)
    TIM_OC3Init                              0x08004bed   Thumb Code   204  stm32f4xx_tim.o(.text)
    TIM_OC4Init                              0x08004cb9   Thumb Code   112  stm32f4xx_tim.o(.text)
    TIM_OCStructInit                         0x08004d29   Thumb Code    20  stm32f4xx_tim.o(.text)
    TIM_SelectOCxM                           0x08004d3d   Thumb Code    86  stm32f4xx_tim.o(.text)
    TIM_SetCompare1                          0x08004d93   Thumb Code     4  stm32f4xx_tim.o(.text)
    TIM_SetCompare2                          0x08004d97   Thumb Code     4  stm32f4xx_tim.o(.text)
    TIM_SetCompare3                          0x08004d9b   Thumb Code     4  stm32f4xx_tim.o(.text)
    TIM_SetCompare4                          0x08004d9f   Thumb Code     4  stm32f4xx_tim.o(.text)
    TIM_ForcedOC1Config                      0x08004da3   Thumb Code    18  stm32f4xx_tim.o(.text)
    TIM_ForcedOC2Config                      0x08004db5   Thumb Code    26  stm32f4xx_tim.o(.text)
    TIM_ForcedOC3Config                      0x08004dcf   Thumb Code    18  stm32f4xx_tim.o(.text)
    TIM_ForcedOC4Config                      0x08004de1   Thumb Code    26  stm32f4xx_tim.o(.text)
    TIM_OC1PreloadConfig                     0x08004dfb   Thumb Code    18  stm32f4xx_tim.o(.text)
    TIM_OC2PreloadConfig                     0x08004e0d   Thumb Code    26  stm32f4xx_tim.o(.text)
    TIM_OC3PreloadConfig                     0x08004e27   Thumb Code    18  stm32f4xx_tim.o(.text)
    TIM_OC4PreloadConfig                     0x08004e39   Thumb Code    26  stm32f4xx_tim.o(.text)
    TIM_OC1FastConfig                        0x08004e53   Thumb Code    18  stm32f4xx_tim.o(.text)
    TIM_OC2FastConfig                        0x08004e65   Thumb Code    26  stm32f4xx_tim.o(.text)
    TIM_OC3FastConfig                        0x08004e7f   Thumb Code    18  stm32f4xx_tim.o(.text)
    TIM_OC4FastConfig                        0x08004e91   Thumb Code    26  stm32f4xx_tim.o(.text)
    TIM_ClearOC1Ref                          0x08004eab   Thumb Code    18  stm32f4xx_tim.o(.text)
    TIM_ClearOC2Ref                          0x08004ebd   Thumb Code    24  stm32f4xx_tim.o(.text)
    TIM_ClearOC3Ref                          0x08004ed5   Thumb Code    18  stm32f4xx_tim.o(.text)
    TIM_ClearOC4Ref                          0x08004ee7   Thumb Code    24  stm32f4xx_tim.o(.text)
    TIM_OC1PolarityConfig                    0x08004eff   Thumb Code    18  stm32f4xx_tim.o(.text)
    TIM_OC1NPolarityConfig                   0x08004f11   Thumb Code    18  stm32f4xx_tim.o(.text)
    TIM_OC2PolarityConfig                    0x08004f23   Thumb Code    26  stm32f4xx_tim.o(.text)
    TIM_OC2NPolarityConfig                   0x08004f3d   Thumb Code    26  stm32f4xx_tim.o(.text)
    TIM_OC3PolarityConfig                    0x08004f57   Thumb Code    26  stm32f4xx_tim.o(.text)
    TIM_OC3NPolarityConfig                   0x08004f71   Thumb Code    26  stm32f4xx_tim.o(.text)
    TIM_OC4PolarityConfig                    0x08004f8b   Thumb Code    26  stm32f4xx_tim.o(.text)
    TIM_CCxCmd                               0x08004fa5   Thumb Code    30  stm32f4xx_tim.o(.text)
    TIM_CCxNCmd                              0x08004fc3   Thumb Code    30  stm32f4xx_tim.o(.text)
    TIM_SetIC4Prescaler                      0x08004fe1   Thumb Code    26  stm32f4xx_tim.o(.text)
    TIM_SetIC3Prescaler                      0x0800504b   Thumb Code    18  stm32f4xx_tim.o(.text)
    TIM_SetIC2Prescaler                      0x080050a5   Thumb Code    26  stm32f4xx_tim.o(.text)
    TIM_SetIC1Prescaler                      0x08005119   Thumb Code    18  stm32f4xx_tim.o(.text)
    TIM_ICInit                               0x08005165   Thumb Code   110  stm32f4xx_tim.o(.text)
    TIM_ICStructInit                         0x080051d3   Thumb Code    18  stm32f4xx_tim.o(.text)
    TIM_PWMIConfig                           0x080051e5   Thumb Code   124  stm32f4xx_tim.o(.text)
    TIM_GetCapture1                          0x08005261   Thumb Code     6  stm32f4xx_tim.o(.text)
    TIM_GetCapture2                          0x08005267   Thumb Code     6  stm32f4xx_tim.o(.text)
    TIM_GetCapture3                          0x0800526d   Thumb Code     6  stm32f4xx_tim.o(.text)
    TIM_GetCapture4                          0x08005273   Thumb Code     6  stm32f4xx_tim.o(.text)
    TIM_BDTRConfig                           0x08005279   Thumb Code    32  stm32f4xx_tim.o(.text)
    TIM_BDTRStructInit                       0x08005299   Thumb Code    18  stm32f4xx_tim.o(.text)
    TIM_CtrlPWMOutputs                       0x080052ab   Thumb Code    30  stm32f4xx_tim.o(.text)
    TIM_SelectCOM                            0x080052c9   Thumb Code    24  stm32f4xx_tim.o(.text)
    TIM_CCPreloadControl                     0x080052e1   Thumb Code    24  stm32f4xx_tim.o(.text)
    TIM_ITConfig                             0x080052f9   Thumb Code    18  stm32f4xx_tim.o(.text)
    TIM_GenerateEvent                        0x0800530b   Thumb Code     4  stm32f4xx_tim.o(.text)
    TIM_GetFlagStatus                        0x0800530f   Thumb Code    18  stm32f4xx_tim.o(.text)
    TIM_ClearFlag                            0x08005321   Thumb Code     6  stm32f4xx_tim.o(.text)
    TIM_GetITStatus                          0x08005327   Thumb Code    34  stm32f4xx_tim.o(.text)
    TIM_ClearITPendingBit                    0x08005349   Thumb Code     6  stm32f4xx_tim.o(.text)
    TIM_DMAConfig                            0x0800534f   Thumb Code    10  stm32f4xx_tim.o(.text)
    TIM_DMACmd                               0x08005359   Thumb Code    18  stm32f4xx_tim.o(.text)
    TIM_SelectCCDMA                          0x0800536b   Thumb Code    24  stm32f4xx_tim.o(.text)
    TIM_InternalClockConfig                  0x08005383   Thumb Code    12  stm32f4xx_tim.o(.text)
    TIM_SelectInputTrigger                   0x0800538f   Thumb Code    18  stm32f4xx_tim.o(.text)
    TIM_ITRxExternalClockConfig              0x080053a1   Thumb Code    24  stm32f4xx_tim.o(.text)
    TIM_TIxExternalClockConfig               0x080053b9   Thumb Code    62  stm32f4xx_tim.o(.text)
    TIM_ETRConfig                            0x080053f7   Thumb Code    28  stm32f4xx_tim.o(.text)
    TIM_ETRClockMode1Config                  0x08005413   Thumb Code    54  stm32f4xx_tim.o(.text)
    TIM_ETRClockMode2Config                  0x08005449   Thumb Code    32  stm32f4xx_tim.o(.text)
    TIM_SelectOutputTrigger                  0x08005469   Thumb Code    18  stm32f4xx_tim.o(.text)
    TIM_SelectSlaveMode                      0x0800547b   Thumb Code    18  stm32f4xx_tim.o(.text)
    TIM_SelectMasterSlaveMode                0x0800548d   Thumb Code    18  stm32f4xx_tim.o(.text)
    TIM_EncoderInterfaceConfig               0x0800549f   Thumb Code    66  stm32f4xx_tim.o(.text)
    TIM_SelectHallSensor                     0x080054e1   Thumb Code    24  stm32f4xx_tim.o(.text)
    TIM_RemapConfig                          0x080054f9   Thumb Code     6  stm32f4xx_tim.o(.text)
    OSFlagAccept                             0x08005501   Thumb Code   252  os_flag.o(.text)
    OSFlagCreate                             0x080055fd   Thumb Code    86  os_flag.o(.text)
    OS_FlagUnlink                            0x08005653   Thumb Code    36  os_flag.o(.text)
    OSFlagDel                                0x080056d7   Thumb Code   214  os_flag.o(.text)
    OSFlagNameGet                            0x080057ad   Thumb Code    80  os_flag.o(.text)
    OSFlagNameSet                            0x080057fd   Thumb Code    66  os_flag.o(.text)
    OSFlagPend                               0x080058d7   Thumb Code   614  os_flag.o(.text)
    OSFlagPendGetFlagsRdy                    0x08005b3d   Thumb Code    26  os_flag.o(.text)
    OSFlagPost                               0x08005b57   Thumb Code   312  os_flag.o(.text)
    OSFlagQuery                              0x08005c8f   Thumb Code    48  os_flag.o(.text)
    OS_FlagInit                              0x08005cbf   Thumb Code    78  os_flag.o(.text)
    OSQAccept                                0x08005d19   Thumb Code    88  os_q.o(.text)
    OSQCreate                                0x08005d71   Thumb Code   140  os_q.o(.text)
    OSQDel                                   0x08005dfd   Thumb Code   236  os_q.o(.text)
    OSQFlush                                 0x08005ee9   Thumb Code    36  os_q.o(.text)
    OSQPend                                  0x08005f0d   Thumb Code   272  os_q.o(.text)
    OSQPendAbort                             0x0800601d   Thumb Code   128  os_q.o(.text)
    OSQPost                                  0x0800609d   Thumb Code   114  os_q.o(.text)
    OSQPostFront                             0x0800610f   Thumb Code   136  os_q.o(.text)
    OSQPostOpt                               0x08006197   Thumb Code   182  os_q.o(.text)
    OSQQuery                                 0x0800624d   Thumb Code    98  os_q.o(.text)
    OS_QInit                                 0x080062af   Thumb Code    72  os_q.o(.text)
    OSTaskChangePrio                         0x08006301   Thumb Code   310  os_task.o(.text)
    OSTaskCreate                             0x08006437   Thumb Code   148  os_task.o(.text)
    OS_TaskStkClr                            0x080064cb   Thumb Code    26  os_task.o(.text)
    OSTaskCreateExt                          0x080064e5   Thumb Code   170  os_task.o(.text)
    OSTaskDel                                0x0800658f   Thumb Code   294  os_task.o(.text)
    OSTaskDelReq                             0x080066b5   Thumb Code   146  os_task.o(.text)
    OSTaskNameGet                            0x08006747   Thumb Code   114  os_task.o(.text)
    OSTaskNameSet                            0x080067b9   Thumb Code    98  os_task.o(.text)
    OSTaskResume                             0x0800681b   Thumb Code   160  os_task.o(.text)
    OSTaskStkChk                             0x080068bb   Thumb Code   132  os_task.o(.text)
    OSTaskSuspend                            0x0800693f   Thumb Code   152  os_task.o(.text)
    OSTaskQuery                              0x080069d7   Thumb Code    82  os_task.o(.text)
    OSTaskRegGet                             0x08006a29   Thumb Code    60  os_task.o(.text)
    OSTaskRegSet                             0x08006a65   Thumb Code    62  os_task.o(.text)
    OS_TaskReturn                            0x08006aa3   Thumb Code    18  os_task.o(.text)
    OSInitHookBegin                          0x08006acd   Thumb Code     2  os_cpu_c.o(.text)
    OSInitHookEnd                            0x08006acf   Thumb Code     2  os_cpu_c.o(.text)
    OSTaskCreateHook                         0x08006ad1   Thumb Code     2  os_cpu_c.o(.text)
    OSTaskDelHook                            0x08006ad3   Thumb Code     2  os_cpu_c.o(.text)
    OSTaskIdleHook                           0x08006ad5   Thumb Code     2  os_cpu_c.o(.text)
    OSTaskStatHook                           0x08006ad7   Thumb Code     2  os_cpu_c.o(.text)
    OSTaskStkInit                            0x08006ad9   Thumb Code   426  os_cpu_c.o(.text)
    OSTaskSwHook                             0x08006c83   Thumb Code     2  os_cpu_c.o(.text)
    OSTCBInitHook                            0x08006c85   Thumb Code     2  os_cpu_c.o(.text)
    OSTimeTickHook                           0x08006c87   Thumb Code     2  os_cpu_c.o(.text)
    OSTaskReturnHook                         0x08006c89   Thumb Code     2  os_cpu_c.o(.text)
    OS_CPU_SR_Save                           0x08006c91   Thumb Code     0  os_cpu_a.o(.text)
    OS_CPU_SR_Restore                        0x08006c99   Thumb Code     0  os_cpu_a.o(.text)
    OSStartHighRdy                           0x08006c9f   Thumb Code     0  os_cpu_a.o(.text)
    OSCtxSw                                  0x08006cc3   Thumb Code     0  os_cpu_a.o(.text)
    OSIntCtxSw                               0x08006cd1   Thumb Code     0  os_cpu_a.o(.text)
    PendSV_Handler                           0x08006ce1   Thumb Code     0  os_cpu_a.o(.text)
    __aeabi_memset                           0x08006d59   Thumb Code    14  memseta.o(.text)
    __aeabi_memset4                          0x08006d59   Thumb Code     0  memseta.o(.text)
    __aeabi_memset8                          0x08006d59   Thumb Code     0  memseta.o(.text)
    __aeabi_memclr                           0x08006d67   Thumb Code     4  memseta.o(.text)
    __aeabi_memclr4                          0x08006d67   Thumb Code     0  memseta.o(.text)
    __aeabi_memclr8                          0x08006d67   Thumb Code     0  memseta.o(.text)
    _memset$wrapper                          0x08006d6b   Thumb Code    18  memseta.o(.text)
    strcat                                   0x08006d7d   Thumb Code    24  strcat.o(.text)
    strlen                                   0x08006d95   Thumb Code    14  strlen.o(.text)
    strcpy                                   0x08006da3   Thumb Code    18  strcpy.o(.text)
    __cpp_initialize__aeabi_                 0x08006db5   Thumb Code    22  cpp_init.o(.text)
    __aeabi_dadd                             0x08006dd5   Thumb Code   322  dadd.o(.text)
    __aeabi_dsub                             0x08006f17   Thumb Code     6  dadd.o(.text)
    __aeabi_drsub                            0x08006f1d   Thumb Code     6  dadd.o(.text)
    __aeabi_dmul                             0x08006f23   Thumb Code   228  dmul.o(.text)
    __aeabi_i2d                              0x08007007   Thumb Code    34  dflti.o(.text)
    __aeabi_d2iz                             0x08007029   Thumb Code    62  dfixi.o(.text)
    __aeabi_f2d                              0x08007067   Thumb Code    38  f2d.o(.text)
    __aeabi_uidiv                            0x0800708d   Thumb Code     0  uidiv.o(.text)
    __aeabi_uidivmod                         0x0800708d   Thumb Code    44  uidiv.o(.text)
    __aeabi_uldivmod                         0x080070b9   Thumb Code    98  uldiv.o(.text)
    __aeabi_llsl                             0x0800711b   Thumb Code    30  llshl.o(.text)
    _ll_shift_l                              0x0800711b   Thumb Code     0  llshl.o(.text)
    __aeabi_llsr                             0x08007139   Thumb Code    32  llushr.o(.text)
    _ll_ushift_r                             0x08007139   Thumb Code     0  llushr.o(.text)
    __aeabi_lasr                             0x08007159   Thumb Code    36  llsshr.o(.text)
    _ll_sshift_r                             0x08007159   Thumb Code     0  llsshr.o(.text)
    __I$use$fp                               0x0800717d   Thumb Code     0  iusefp.o(.text)
    _double_round                            0x0800717d   Thumb Code    30  depilogue.o(.text)
    _double_epilogue                         0x0800719b   Thumb Code   156  depilogue.o(.text)
    __aeabi_ddiv                             0x08007237   Thumb Code   222  ddiv.o(.text)
    __ARM_scalbn                             0x08007315   Thumb Code    46  dscalb.o(.text)
    scalbn                                   0x08007315   Thumb Code     0  dscalb.o(.text)
    __aeabi_d2ulz                            0x08007343   Thumb Code    48  dfixul.o(.text)
    __aeabi_cdrcmple                         0x08007375   Thumb Code    48  cdrcmple.o(.text)
    __scatterload                            0x080073a5   Thumb Code    28  init.o(.text)
    __scatterload_rt2                        0x080073a5   Thumb Code     0  init.o(.text)
    _dsqrt                                   0x080073c9   Thumb Code   162  dsqrt.o(.text)
    __0printf                                0x0800746d   Thumb Code    22  printfa.o(i.__0printf)
    __1printf                                0x0800746d   Thumb Code     0  printfa.o(i.__0printf)
    __2printf                                0x0800746d   Thumb Code     0  printfa.o(i.__0printf)
    __c89printf                              0x0800746d   Thumb Code     0  printfa.o(i.__0printf)
    printf                                   0x0800746d   Thumb Code     0  printfa.o(i.__0printf)
    __0sprintf                               0x0800748d   Thumb Code    34  printfa.o(i.__0sprintf)
    __1sprintf                               0x0800748d   Thumb Code     0  printfa.o(i.__0sprintf)
    __2sprintf                               0x0800748d   Thumb Code     0  printfa.o(i.__0sprintf)
    __c89sprintf                             0x0800748d   Thumb Code     0  printfa.o(i.__0sprintf)
    sprintf                                  0x0800748d   Thumb Code     0  printfa.o(i.__0sprintf)
    __ARM_fpclassify                         0x080074b5   Thumb Code    48  fpclassify.o(i.__ARM_fpclassify)
    __hardfp_pow                             0x080074e9   Thumb Code  3072  pow.o(i.__hardfp_pow)
    __kernel_poly                            0x08008139   Thumb Code   248  poly.o(i.__kernel_poly)
    __mathlib_dbl_divzero                    0x08008231   Thumb Code    28  dunder.o(i.__mathlib_dbl_divzero)
    __mathlib_dbl_infnan2                    0x08008261   Thumb Code    20  dunder.o(i.__mathlib_dbl_infnan2)
    __mathlib_dbl_invalid                    0x08008279   Thumb Code    24  dunder.o(i.__mathlib_dbl_invalid)
    __mathlib_dbl_overflow                   0x08008299   Thumb Code    24  dunder.o(i.__mathlib_dbl_overflow)
    __mathlib_dbl_underflow                  0x080082b9   Thumb Code    24  dunder.o(i.__mathlib_dbl_underflow)
    __scatterload_copy                       0x080082d9   Thumb Code    14  handlers.o(i.__scatterload_copy)
    __scatterload_null                       0x080082e7   Thumb Code     2  handlers.o(i.__scatterload_null)
    __scatterload_zeroinit                   0x080082e9   Thumb Code    14  handlers.o(i.__scatterload_zeroinit)
    __set_errno                              0x080082f9   Thumb Code     6  errno.o(i.__set_errno)
    fabs                                     0x08008bc1   Thumb Code    24  fabs.o(i.fabs)
    sqrt                                     0x08008bd9   Thumb Code   110  sqrt.o(i.sqrt)
    OSUnMapTbl                               0x08008c46   Data         256  os_core.o(.constdata)
    __mathlib_zero                           0x08008dd0   Data           8  qnan.o(.constdata)
    Region$$Table$$Base                      0x08008dd8   Number         0  anon$$obj.o(Region$$Table)
    Region$$Table$$Limit                     0x08008df8   Number         0  anon$$obj.o(Region$$Table)
    SHT$$INIT_ARRAY$$Base                    0x08008df8   Number         0  agv_can1_msg_receive.o(.init_array)
    SHT$$INIT_ARRAY$$Limit                   0x08008dfc   Number         0  cpp_init.o(.init_array)
    SystemCoreClock                          0x20000000   Data           4  system_stm32f4xx.o(.data)
    AHBPrescTable                            0x20000004   Data          16  system_stm32f4xx.o(.data)
    MGS160N_REQ_CENTRE_Diff_CMD              0x20000014   Data           2  agv_canbus_hinson_mgs160n.o(.data)
    MGS160N_REQ_LEFT_Diff_CMD                0x20000016   Data           2  agv_canbus_hinson_mgs160n.o(.data)
    MGS160N_REQ_RIGHT_Diff_CMD               0x20000018   Data           2  agv_canbus_hinson_mgs160n.o(.data)
    MGS160N_Device_Running                   0x2000001a   Data           1  agv_canbus_hinson_mgs160n.o(.data)
    MGS160N_Induction_Status                 0x2000001b   Data           1  agv_canbus_hinson_mgs160n.o(.data)
    MGS160N_Centre_Diff_MM                   0x2000001c   Data           1  agv_canbus_hinson_mgs160n.o(.data)
    canopen                                  0x2000001d   Data           1  agv_can1_msg_receive.o(.data)
    uart3_rec_count                          0x2000001e   Data           1  usart3_user.o(.data)
    CAN1_ReceiveMsgFuncP                     0x20000030   Data           4  can1.o(.data)
    keydown_data                             0x20000044   Data           1  key.o(.data)
    keyup_data                               0x20000045   Data           1  key.o(.data)
    key_time                                 0x20000046   Data           2  key.o(.data)
    key_tem                                  0x20000048   Data           1  key.o(.data)
    key_bak                                  0x20000049   Data           1  key.o(.data)
    systime                                  0x20000050   Data           4  common.o(.data)
    CAN2_ReceiveMsgFuncP                     0x20000054   Data           4  can2.o(.data)
    time2count                               0x20000058   Data           4  timer.o(.data)
    OSCtxSwCtr                               0x2000005c   Data           4  os_core.o(.data)
    OSEventFreeList                          0x20000060   Data           4  os_core.o(.data)
    OSFlagFreeList                           0x20000064   Data           4  os_core.o(.data)
    OSCPUUsage                               0x20000068   Data           1  os_core.o(.data)
    OSIdleCtrMax                             0x2000006c   Data           4  os_core.o(.data)
    OSIdleCtrRun                             0x20000070   Data           4  os_core.o(.data)
    OSStatRdy                                0x20000074   Data           1  os_core.o(.data)
    OSIntNesting                             0x20000075   Data           1  os_core.o(.data)
    OSLockNesting                            0x20000076   Data           1  os_core.o(.data)
    OSPrioCur                                0x20000077   Data           1  os_core.o(.data)
    OSPrioHighRdy                            0x20000078   Data           1  os_core.o(.data)
    OSRdyGrp                                 0x20000079   Data           1  os_core.o(.data)
    OSRdyTbl                                 0x2000007a   Data           8  os_core.o(.data)
    OSRunning                                0x20000082   Data           1  os_core.o(.data)
    OSTaskCtr                                0x20000083   Data           1  os_core.o(.data)
    OSIdleCtr                                0x20000084   Data           4  os_core.o(.data)
    OSTCBCur                                 0x20000088   Data           4  os_core.o(.data)
    OSTCBFreeList                            0x2000008c   Data           4  os_core.o(.data)
    OSTCBHighRdy                             0x20000090   Data           4  os_core.o(.data)
    OSTCBList                                0x20000094   Data           4  os_core.o(.data)
    OSTickStepState                          0x20000098   Data           1  os_core.o(.data)
    OSQFreeList                              0x2000009c   Data           4  os_core.o(.data)
    OSTime                                   0x200000a0   Data           4  os_core.o(.data)
    __stdout                                 0x200000a4   Data           4  stdout.o(.data)
    uart3_rec_cache                          0x200000ac   Data         100  usart3_user.o(.bss)
    ChipUniqueIDData                         0x20000124   Data          12  common.o(.bss)
    OSEventTbl                               0x20000130   Data         200  os_core.o(.bss)
    OSFlagTbl                                0x200001f8   Data          80  os_core.o(.bss)
    OSTaskStatStk                            0x20000248   Data         512  os_core.o(.bss)
    OSTaskIdleStk                            0x20000448   Data         512  os_core.o(.bss)
    OSTCBPrioTbl                             0x20000648   Data         256  os_core.o(.bss)
    OSTCBTbl                                 0x20000748   Data        1008  os_core.o(.bss)
    OSQTbl                                   0x20000b38   Data         120  os_core.o(.bss)
    __initial_sp                             0x20000fb0   Data           0  startup_stm32f40_41xxx.o(STACK)



==============================================================================

Memory Map of the image

  Image Entry point : 0x08000189

  Load Region LR_IROM1 (Base: 0x08000000, Size: 0x00008ea8, Max: 0x00080000, ABSOLUTE)

    Execution Region ER_IROM1 (Exec base: 0x08000000, Load base: 0x08000000, Size: 0x00008dfc, Max: 0x00080000, ABSOLUTE)

    Exec Addr    Load Addr    Size         Type   Attr      Idx    E Section Name        Object

    0x08000000   0x08000000   0x00000188   Data   RO          154    RESET               startup_stm32f40_41xxx.o
    0x08000188   0x08000188   0x00000000   Code   RO         1568  * .ARM.Collect$$$$00000000  mc_w.l(entry.o)
    0x08000188   0x08000188   0x00000004   Code   RO         1892    .ARM.Collect$$$$00000001  mc_w.l(entry2.o)
    0x0800018c   0x0800018c   0x00000004   Code   RO         1895    .ARM.Collect$$$$00000004  mc_w.l(entry5.o)
    0x08000190   0x08000190   0x00000000   Code   RO         1897    .ARM.Collect$$$$00000008  mc_w.l(entry7b.o)
    0x08000190   0x08000190   0x00000004   Code   RO         1898    .ARM.Collect$$$$00000009  mc_w.l(entry8a.o)
    0x08000194   0x08000194   0x00000000   Code   RO         1899    .ARM.Collect$$$$0000000A  mc_w.l(entry8b.o)
    0x08000194   0x08000194   0x00000008   Code   RO         1900    .ARM.Collect$$$$0000000B  mc_w.l(entry9a.o)
    0x0800019c   0x0800019c   0x00000000   Code   RO         1902    .ARM.Collect$$$$0000000D  mc_w.l(entry10a.o)
    0x0800019c   0x0800019c   0x00000000   Code   RO         1904    .ARM.Collect$$$$0000000F  mc_w.l(entry11a.o)
    0x0800019c   0x0800019c   0x00000004   Code   RO         1893    .ARM.Collect$$$$00002712  mc_w.l(entry2.o)
    0x080001a0   0x080001a0   0x0000000e   Code   RO            1    .text               main.o
    0x080001ae   0x080001ae   0x00000016   Code   RO           22    .text               stm32f4xx_it.o
    0x080001c4   0x080001c4   0x00000024   Code   RO          155    .text               startup_stm32f40_41xxx.o
    0x080001e8   0x080001e8   0x00000210   Code   RO          161    .text               system_stm32f4xx.o
    0x080003f8   0x080003f8   0x0000009c   Code   RO          188    .text               multi_thread.o
    0x08000494   0x08000494   0x000000d4   Code   RO          474    .text               agv_canbus_hinson_mgs160n.o
    0x08000568   0x08000568   0x00000068   Code   RO          514    .text               agv_can1_msg_receive.o
    0x080005d0   0x080005d0   0x0000016c   Code   RO          557    .text               usart3_user.o
    0x0800073c   0x0800073c   0x000000e4   Code   RO          585    .text               STM32F4_FWLIB.lib(misc.o)
    0x08000820   0x08000820   0x00000294   Code   RO          710    .text               STM32F4_FWLIB.lib(stm32f4xx_gpio.o)
    0x08000ab4   0x08000ab4   0x0000065c   Code   RO          731    .text               STM32F4_FWLIB.lib(stm32f4xx_rcc.o)
    0x08001110   0x08001110   0x000009ec   Code   RO          754    .text               STM32F4_FWLIB.lib(stm32f4xx_can.o)
    0x08001afc   0x08001afc   0x00000454   Code   RO          775    .text               STM32F4_FWLIB.lib(stm32f4xx_usart.o)
    0x08001f50   0x08001f50   0x000004c4   Code   RO          796    .text               TeamRobot_Drive.lib(can1.o)
    0x08002414   0x08002414   0x00000ac0   Code   RO          966    .text               TeamRobot_Drive.lib(canopen.o)
    0x08002ed4   0x08002ed4   0x00000108   Code   RO         1000    .text               TeamRobot_Drive.lib(key.o)
    0x08002fdc   0x08002fdc   0x00000058   Code   RO         1027    .text               TeamRobot_Drive.lib(led.o)
    0x08003034   0x08003034   0x000007f4   Code   RO         1049    .text               Common.lib(common.o)
    0x08003828   0x08003828   0x000004a0   Code   RO         1212    .text               TeamRobot_Drive.lib(can2.o)
    0x08003cc8   0x08003cc8   0x00000130   Code   RO         1239    .text               TeamRobot_Drive.lib(timer.o)
    0x08003df8   0x08003df8   0x000008ac   Code   RO         1273    .text               UCOSII.lib(os_core.o)
    0x080046a4   0x080046a4   0x000001b8   Code   RO         1413    .text               UCOSII.lib(os_time.o)
    0x0800485c   0x0800485c   0x00000ca2   Code   RO         1438    .text               STM32F4_FWLIB.lib(stm32f4xx_tim.o)
    0x080054fe   0x080054fe   0x00000002   PAD
    0x08005500   0x08005500   0x00000818   Code   RO         1459    .text               UCOSII.lib(os_flag.o)
    0x08005d18   0x08005d18   0x000005e8   Code   RO         1480    .text               UCOSII.lib(os_q.o)
    0x08006300   0x08006300   0x000007cc   Code   RO         1501    .text               UCOSII.lib(os_task.o)
    0x08006acc   0x08006acc   0x000001c4   Code   RO         1522    .text               UCOSII.lib(os_cpu_c.o)
    0x08006c90   0x08006c90   0x000000c8   Code   RO         1551    .text               UCOSII.lib(os_cpu_a.o)
    0x08006d58   0x08006d58   0x00000024   Code   RO         1571    .text               mc_w.l(memseta.o)
    0x08006d7c   0x08006d7c   0x00000018   Code   RO         1573    .text               mc_w.l(strcat.o)
    0x08006d94   0x08006d94   0x0000000e   Code   RO         1575    .text               mc_w.l(strlen.o)
    0x08006da2   0x08006da2   0x00000012   Code   RO         1577    .text               mc_w.l(strcpy.o)
    0x08006db4   0x08006db4   0x00000020   Code   RO         1843    .text               mc_w.l(cpp_init.o)
    0x08006dd4   0x08006dd4   0x0000014e   Code   RO         1845    .text               mf_w.l(dadd.o)
    0x08006f22   0x08006f22   0x000000e4   Code   RO         1847    .text               mf_w.l(dmul.o)
    0x08007006   0x08007006   0x00000022   Code   RO         1849    .text               mf_w.l(dflti.o)
    0x08007028   0x08007028   0x0000003e   Code   RO         1851    .text               mf_w.l(dfixi.o)
    0x08007066   0x08007066   0x00000026   Code   RO         1853    .text               mf_w.l(f2d.o)
    0x0800708c   0x0800708c   0x0000002c   Code   RO         1907    .text               mc_w.l(uidiv.o)
    0x080070b8   0x080070b8   0x00000062   Code   RO         1909    .text               mc_w.l(uldiv.o)
    0x0800711a   0x0800711a   0x0000001e   Code   RO         1911    .text               mc_w.l(llshl.o)
    0x08007138   0x08007138   0x00000020   Code   RO         1913    .text               mc_w.l(llushr.o)
    0x08007158   0x08007158   0x00000024   Code   RO         1915    .text               mc_w.l(llsshr.o)
    0x0800717c   0x0800717c   0x00000000   Code   RO         1924    .text               mc_w.l(iusefp.o)
    0x0800717c   0x0800717c   0x000000ba   Code   RO         1925    .text               mf_w.l(depilogue.o)
    0x08007236   0x08007236   0x000000de   Code   RO         1927    .text               mf_w.l(ddiv.o)
    0x08007314   0x08007314   0x0000002e   Code   RO         1931    .text               mf_w.l(dscalb.o)
    0x08007342   0x08007342   0x00000030   Code   RO         1933    .text               mf_w.l(dfixul.o)
    0x08007372   0x08007372   0x00000002   PAD
    0x08007374   0x08007374   0x00000030   Code   RO         1935    .text               mf_w.l(cdrcmple.o)
    0x080073a4   0x080073a4   0x00000024   Code   RO         1937    .text               mc_w.l(init.o)
    0x080073c8   0x080073c8   0x000000a2   Code   RO         1939    .text               mf_w.l(dsqrt.o)
    0x0800746a   0x0800746a   0x00000002   PAD
    0x0800746c   0x0800746c   0x00000020   Code   RO         1812    i.__0printf         mc_w.l(printfa.o)
    0x0800748c   0x0800748c   0x00000028   Code   RO         1814    i.__0sprintf        mc_w.l(printfa.o)
    0x080074b4   0x080074b4   0x00000030   Code   RO         1875    i.__ARM_fpclassify  m_wm.l(fpclassify.o)
    0x080074e4   0x080074e4   0x00000004   PAD
    0x080074e8   0x080074e8   0x00000c50   Code   RO         1554    i.__hardfp_pow      m_wm.l(pow.o)
    0x08008138   0x08008138   0x000000f8   Code   RO         1877    i.__kernel_poly     m_wm.l(poly.o)
    0x08008230   0x08008230   0x00000030   Code   RO         1855    i.__mathlib_dbl_divzero  m_wm.l(dunder.o)
    0x08008260   0x08008260   0x00000014   Code   RO         1857    i.__mathlib_dbl_infnan2  m_wm.l(dunder.o)
    0x08008274   0x08008274   0x00000004   PAD
    0x08008278   0x08008278   0x00000020   Code   RO         1858    i.__mathlib_dbl_invalid  m_wm.l(dunder.o)
    0x08008298   0x08008298   0x00000020   Code   RO         1859    i.__mathlib_dbl_overflow  m_wm.l(dunder.o)
    0x080082b8   0x080082b8   0x00000020   Code   RO         1861    i.__mathlib_dbl_underflow  m_wm.l(dunder.o)
    0x080082d8   0x080082d8   0x0000000e   Code   RO         1945    i.__scatterload_copy  mc_w.l(handlers.o)
    0x080082e6   0x080082e6   0x00000002   Code   RO         1946    i.__scatterload_null  mc_w.l(handlers.o)
    0x080082e8   0x080082e8   0x0000000e   Code   RO         1947    i.__scatterload_zeroinit  mc_w.l(handlers.o)
    0x080082f6   0x080082f6   0x00000002   PAD
    0x080082f8   0x080082f8   0x0000000c   Code   RO         1919    i.__set_errno       mc_w.l(errno.o)
    0x08008304   0x08008304   0x00000184   Code   RO         1819    i._fp_digits        mc_w.l(printfa.o)
    0x08008488   0x08008488   0x000006dc   Code   RO         1820    i._printf_core      mc_w.l(printfa.o)
    0x08008b64   0x08008b64   0x00000024   Code   RO         1821    i._printf_post_padding  mc_w.l(printfa.o)
    0x08008b88   0x08008b88   0x0000002e   Code   RO         1822    i._printf_pre_padding  mc_w.l(printfa.o)
    0x08008bb6   0x08008bb6   0x0000000a   Code   RO         1824    i._sputc            mc_w.l(printfa.o)
    0x08008bc0   0x08008bc0   0x00000018   Code   RO         1871    i.fabs              m_wm.l(fabs.o)
    0x08008bd8   0x08008bd8   0x0000006e   Code   RO         1882    i.sqrt              m_wm.l(sqrt.o)
    0x08008c46   0x08008c46   0x00000100   Data   RO         1276    .constdata          UCOSII.lib(os_core.o)
    0x08008d46   0x08008d46   0x00000002   PAD
    0x08008d48   0x08008d48   0x00000088   Data   RO         1557    .constdata          m_wm.l(pow.o)
    0x08008dd0   0x08008dd0   0x00000008   Data   RO         1879    .constdata          m_wm.l(qnan.o)
    0x08008dd8   0x08008dd8   0x00000020   Data   RO         1943    Region$$Table       anon$$obj.o
    0x08008df8   0x08008df8   0x00000004   Data   RO          517    .init_array         agv_can1_msg_receive.o
    0x08008dfc   0x08008df8   0x00000000   Data   RO         1841    .init_array         mc_w.l(cpp_init.o)


    Execution Region RW_IRAM1 (Exec base: 0x20000000, Load base: 0x08008dfc, Size: 0x00000fb0, Max: 0x00020000, ABSOLUTE)

    Exec Addr    Load Addr    Size         Type   Attr      Idx    E Section Name        Object

    0x20000000   0x08008dfc   0x00000014   Data   RW          163    .data               system_stm32f4xx.o
    0x20000014   0x08008e10   0x00000009   Data   RW          476    .data               agv_canbus_hinson_mgs160n.o
    0x2000001d   0x08008e19   0x00000001   Data   RW          516    .data               agv_can1_msg_receive.o
    0x2000001e   0x08008e1a   0x00000001   Data   RW          560    .data               usart3_user.o
    0x2000001f   0x08008e1b   0x00000010   Data   RW          733    .data               STM32F4_FWLIB.lib(stm32f4xx_rcc.o)
    0x2000002f   0x08008e2b   0x00000001   PAD
    0x20000030   0x08008e2c   0x00000004   Data   RW          798    .data               TeamRobot_Drive.lib(can1.o)
    0x20000034   0x08008e30   0x00000010   Data   RW          969    .data               TeamRobot_Drive.lib(canopen.o)
    0x20000044   0x08008e40   0x00000006   Data   RW         1002    .data               TeamRobot_Drive.lib(key.o)
    0x2000004a   0x08008e46   0x00000002   PAD
    0x2000004c   0x08008e48   0x00000008   Data   RW         1052    .data               Common.lib(common.o)
    0x20000054   0x08008e50   0x00000004   Data   RW         1214    .data               TeamRobot_Drive.lib(can2.o)
    0x20000058   0x08008e54   0x00000004   Data   RW         1241    .data               TeamRobot_Drive.lib(timer.o)
    0x2000005c   0x08008e58   0x00000048   Data   RW         1277    .data               UCOSII.lib(os_core.o)
    0x200000a4   0x08008ea0   0x00000004   Data   RW         1906    .data               mc_w.l(stdout.o)
    0x200000a8   0x08008ea4   0x00000004   Data   RW         1920    .data               mc_w.l(errno.o)
    0x200000ac        -       0x00000064   Zero   RW          559    .bss                usart3_user.o
    0x20000110        -       0x00000014   Zero   RW          968    .bss                TeamRobot_Drive.lib(canopen.o)
    0x20000124        -       0x0000000c   Zero   RW         1051    .bss                Common.lib(common.o)
    0x20000130        -       0x00000a80   Zero   RW         1275    .bss                UCOSII.lib(os_core.o)
    0x20000bb0        -       0x00000400   Zero   RW          152    STACK               startup_stm32f40_41xxx.o


==============================================================================

Image component sizes


      Code (inc. data)   RO Data    RW Data    ZI Data      Debug   Object Name

       104         14          4          1          0       4779   agv_can1_msg_receive.o
       212         30          0          9          0       2394   agv_canbus_hinson_mgs160n.o
        14          0          0          0          0       3583   main.o
       156         44          0          0          0     255399   multi_thread.o
        36          8        392          0       1024        880   startup_stm32f40_41xxx.o
        22          0          0          0          0       2351   stm32f4xx_it.o
       528         46          0         20          0       1999   system_stm32f4xx.o
       364         18          0          1        100       4009   usart3_user.o

    ----------------------------------------------------------------------
      1436        160        428         31       1124     275394   Object Totals
         0          0         32          0          0          0   (incl. Generated)
         0          0          0          0          0          0   (incl. Padding)

    ----------------------------------------------------------------------

      Code (inc. data)   RO Data    RW Data    ZI Data      Debug   Library Member Name

      2036         84          0          8         12     241471   common.o
       228         22          0          0          0     288769   misc.o
      2540         38          0          0          0       8208   stm32f4xx_can.o
       660         44          0          0          0       4321   stm32f4xx_gpio.o
      1628         52          0         16          0      13224   stm32f4xx_rcc.o
      3234         60          0          0          0      22692   stm32f4xx_tim.o
      1108         34          0          0          0       8052   stm32f4xx_usart.o
      1220         22          0          4          0     276874   can1.o
      1184         18          0          4          0       7022   can2.o
      2752         26          0         16         20      17540   canopen.o
       264         40          0          6          0       1371   key.o
        88          8          0          0          0        599   led.o
       304         10          0          4          0       1781   timer.o
      2220        220        256         72       2688      16244   os_core.o
       200         32          0          0          0        376   os_cpu_a.o
       452          6          0          0          0      10922   os_cpu_c.o
      2072         40          0          0          0       7076   os_flag.o
      1512         30          0          0          0       5697   os_q.o
      1996         70          0          0          0       7745   os_task.o
       440         30          0          0          0       9426   os_time.o
       164         44          0          0          0        620   dunder.o
        24          0          0          0          0        124   fabs.o
        48          0          0          0          0        124   fpclassify.o
       248          0          0          0          0        152   poly.o
      3152        296        136          0          0        352   pow.o
         0          0          8          0          0          0   qnan.o
       110          0          0          0          0        148   sqrt.o
        32         10          0          0          0         80   cpp_init.o
         0          0          0          0          0          0   entry.o
         0          0          0          0          0          0   entry10a.o
         0          0          0          0          0          0   entry11a.o
         8          4          0          0          0          0   entry2.o
         4          0          0          0          0          0   entry5.o
         0          0          0          0          0          0   entry7b.o
         4          0          0          0          0          0   entry8a.o
         0          0          0          0          0          0   entry8b.o
         8          4          0          0          0          0   entry9a.o
        12          6          0          4          0         68   errno.o
        30          0          0          0          0          0   handlers.o
        36          8          0          0          0         68   init.o
         0          0          0          0          0          0   iusefp.o
        30          0          0          0          0         68   llshl.o
        36          0          0          0          0         68   llsshr.o
        32          0          0          0          0         68   llushr.o
        36          0          0          0          0        108   memseta.o
      2308         96          0          0          0        604   printfa.o
         0          0          0          4          0          0   stdout.o
        24          0          0          0          0         68   strcat.o
        18          0          0          0          0         68   strcpy.o
        14          0          0          0          0         68   strlen.o
        44          0          0          0          0         80   uidiv.o
        98          0          0          0          0         92   uldiv.o
        48          0          0          0          0         68   cdrcmple.o
       334          0          0          0          0        148   dadd.o
       222          0          0          0          0        100   ddiv.o
       186          0          0          0          0        176   depilogue.o
        62          0          0          0          0         80   dfixi.o
        48          0          0          0          0         68   dfixul.o
        34          0          0          0          0         76   dflti.o
       228          0          0          0          0         96   dmul.o
        46          0          0          0          0         80   dscalb.o
       162          0          0          0          0        100   dsqrt.o
        38          0          0          0          0         68   f2d.o

    ----------------------------------------------------------------------
     34082       1354        402        141       2720     953498   Library Totals
        16          0          2          3          0          0   (incl. Padding)

    ----------------------------------------------------------------------

      Code (inc. data)   RO Data    RW Data    ZI Data      Debug   Library Name

      2036         84          0          8         12     241471   Common.lib
      9398        250          0         16          0     345266   STM32F4_FWLIB.lib
      5812        124          0         34         20     305187   TeamRobot_Drive.lib
      8892        428        256         72       2688      57486   UCOSII.lib
      3746        340        144          0          0       1520   m_wm.l
      2774        128          0          8          0       1508   mc_w.l
      1408          0          0          0          0       1060   mf_w.l

    ----------------------------------------------------------------------
     34082       1354        402        141       2720     953498   Library Totals

    ----------------------------------------------------------------------

==============================================================================


      Code (inc. data)   RO Data    RW Data    ZI Data      Debug   

     35518       1514        830        172       3844    1221344   Grand Totals
     35518       1514        830        172       3844    1221344   ELF Image Totals
     35518       1514        830        172          0          0   ROM Totals

==============================================================================

    Total RO  Size (Code + RO Data)                36348 (  35.50kB)
    Total RW  Size (RW Data + ZI Data)              4016 (   3.92kB)
    Total ROM Size (Code + RO Data + RW Data)      36520 (  35.66kB)

==============================================================================

